🚀 Starting Nexus Swarm V23 (Queue v0.2) Audit...
🛑 Shutting down all Nexus nodes...
✅ All nodes stopped.
🚀 Starting 100 Virtual Nodes...
  ... 10 nodes launched.
  ... 20 nodes launched.
  ... 30 nodes launched.
  ... 40 nodes launched.
  ... 50 nodes launched.
  ... 60 nodes launched.
  ... 70 nodes launched.
  ... 80 nodes launched.
  ... 90 nodes launched.
✅ Fleet of 100 nodes is live. nodes.json updated.
📥 Injecting 400 Pending tasks into nexus-swarm/swarm_tasks.db...
🚀 Launching Refactored Swarm Manager for 20s audit...
📊 Analyzing OTel Spans (Manager Region: us-east-1)...
❌ No tasks completed during the audit period.

❌ DEBUG: Manager Logs:
  > 🚀 Nexus-Go Swarm Manager (v19.1 Durable Control Plane) Starting...
  > 📥 [Queue] Enqueued root task global_audit_v19. Total loaded: 401
  > 🛰️  Manager is in Listening Mode. Waiting for tasks...
  > 📊 [SPAN:selection] trace_id=trace-1774458993548681000-stress-task-142 task_id=stress-task-142 duration_us=1 node_url=http://localhost:8001 region=us-east-1
  > 📊 [SPAN:selection] trace_id=trace-1774458993548698000-stress-task-216 task_id=stress-task-216 duration_us=0 node_url=http://localhost:8001 region=us-east-1
  > 📊 [SPAN:selection] trace_id=trace-1774458993548662000-stress-task-209 task_id=stress-task-209 duration_us=10 node_url=http://localhost:8001 region=us-east-1
  > 📊 [SPAN:selection] trace_id=trace-1774458993548705000-stress-task-73 task_id=stress-task-73 duration_us=0 node_url=http://localhost:8001 region=us-east-1
  > 📊 [SPAN:selection] trace_id=trace-1774458993548679000-global_audit_v19 task_id=global_audit_v19 duration_us=6 node_url=http://localhost:8001 region=us-east-1
  > 📊 [SPAN:selection] trace_id=trace-1774458993548712000-stress-task-15 task_id=stress-task-15 duration_us=0 node_url=http://localhost:8001 region=us-east-1
  > 📊 [SPAN:selection] trace_id=trace-1774458993548710000-stress-task-83 task_id=stress-task-83 duration_us=0 node_url=http://localhost:8001 region=us-east-1
  > 📊 [SPAN:selection] trace_id=trace-1774458993548718000-stress-task-148 task_id=stress-task-148 duration_us=0 node_url=http://localhost:8001 region=us-east-1
  > 📊 [SPAN:selection] trace_id=trace-1774458993548724000-stress-task-206 task_id=stress-task-206 duration_us=0 node_url=http://localhost:8001 region=us-east-1
  > 📊 [SPAN:selection] trace_id=trace-1774458993548725000-stress-task-118 task_id=stress-task-118 duration_us=0 node_url=http://localhost:8001 region=us-east-1
  > 📊 [SPAN:selection] trace_id=trace-1774458993548684000-stress-task-21 task_id=stress-task-21 duration_us=9 node_url=http://localhost:8001 region=us-east-1
  > 📊 [SPAN:selection] trace_id=trace-1774458993548677000-stress-task-219 task_id=stress-task-219 duration_us=9 node_url=http://localhost:8001 region=us-east-1
  > 📊 [SPAN:selection] trace_id=trace-1774458993548736000-stress-task-296 task_id=stress-task-296 duration_us=0 node_url=http://localhost:8001 region=us-east-1
  > 📊 [SPAN:selection] trace_id=trace-1774458993548732000-stress-task-236 task_id=stress-task-236 duration_us=0 node_url=http://localhost:8001 region=us-east-1
  > 📊 [SPAN:selection] trace_id=trace-1774458993548737000-stress-task-304 task_id=stress-task-304 duration_us=0 node_url=http://localhost:8001 region=us-east-1
  > 📊 [SPAN:selection] trace_id=trace-1774458993548729000-stress-task-160 task_id=stress-task-160 duration_us=0 node_url=http://localhost:8001 region=us-east-1
  > 📊 [SPAN:selection] trace_id=trace-1774458993548743000-stress-task-97 task_id=stress-task-97 duration_us=0 node_url=http://localhost:8001 region=us-east-1
  > 📊 [SPAN:selection] trace_id=trace-1774458993548747000-stress-task-309 task_id=stress-task-309 duration_us=0 node_url=http://localhost:8001 region=us-east-1
  > 📊 [SPAN:selection] trace_id=trace-1774458993548734000-stress-task-292 task_id=stress-task-292 duration_us=0 node_url=http://localhost:8001 region=us-east-1
  > 📊 [SPAN:selection] trace_id=trace-1774458993548752000-stress-task-252 task_id=stress-task-252 duration_us=0 node_url=http://localhost:8001 region=us-east-1
  > 📊 [SPAN:selection] trace_id=trace-1774458993548744000-stress-task-336 task_id=stress-task-336 duration_us=0 node_url=http://localhost:8001 region=us-east-1
  > 📊 [SPAN:selection] trace_id=trace-1774458993548674000-stress-task-157 task_id=stress-task-157 duration_us=10 node_url=http://localhost:8001 region=us-east-1
  > 📊 [SPAN:selection] trace_id=trace-1774458993548738000-stress-task-87 task_id=stress-task-87 duration_us=0 node_url=http://localhost:8001 region=us-east-1
  > 📊 [SPAN:selection] trace_id=trace-1774458993548733000-stress-task-306 task_id=stress-task-306 duration_us=0 node_url=http://localhost:8001 region=us-east-1
  > 📊 [SPAN:selection] trace_id=trace-1774458993548755000-stress-task-367 task_id=stress-task-367 duration_us=2 node_url=http://localhost:8001 region=us-east-1
  > 📊 [SPAN:selection] trace_id=trace-1774458993548742000-stress-task-141 task_id=stress-task-141 duration_us=4 node_url=http://localhost:8001 region=us-east-1
  > 📊 [SPAN:selection] trace_id=trace-1774458993548767000-stress-task-384 task_id=stress-task-384 duration_us=0 node_url=http://localhost:8001 region=us-east-1
  > 📊 [SPAN:selection] trace_id=trace-1774458993548771000-stress-task-14 task_id=stress-task-14 duration_us=0 node_url=http://localhost:8001 region=us-east-1
  > 📊 [SPAN:selection] trace_id=trace-1774458993548782000-stress-task-191 task_id=stress-task-191 duration_us=0 node_url=http://localhost:8001 region=us-east-1
  > 📊 [SPAN:selection] trace_id=trace-1774458993548731000-stress-task-245 task_id=stress-task-245 duration_us=0 node_url=http://localhost:8001 region=us-east-1
  > 📊 [SPAN:selection] trace_id=trace-1774458993548787000-stress-task-41 task_id=stress-task-41 duration_us=0 node_url=http://localhost:8001 region=us-east-1
  > 📊 [SPAN:selection] trace_id=trace-1774458993548774000-stress-task-28 task_id=stress-task-28 duration_us=0 node_url=http://localhost:8001 region=us-east-1
  > 📊 [SPAN:selection] trace_id=trace-1774458993548791000-stress-task-378 task_id=stress-task-378 duration_us=0 node_url=http://localhost:8001 region=us-east-1
  > 📊 [SPAN:selection] trace_id=trace-1774458993548795000-stress-task-224 task_id=stress-task-224 duration_us=0 node_url=http://localhost:8001 region=us-east-1
  > 📊 [SPAN:selection] trace_id=trace-1774458993548781000-stress-task-398 task_id=stress-task-398 duration_us=6 node_url=http://localhost:8001 region=us-east-1
  > 📊 [SPAN:selection] trace_id=trace-1774458993548798000-stress-task-155 task_id=stress-task-155 duration_us=0 node_url=http://localhost:8001 region=us-east-1
  > 📊 [SPAN:selection] trace_id=trace-1774458993548803000-stress-task-243 task_id=stress-task-243 duration_us=0 node_url=http://localhost:8001 region=us-east-1
  > 📊 [SPAN:selection] trace_id=trace-1774458993548793000-stress-task-72 task_id=stress-task-72 duration_us=0 node_url=http://localhost:8001 region=us-east-1
  > 📊 [SPAN:selection] trace_id=trace-1774458993548685000-stress-task-24 task_id=stress-task-24 duration_us=12 node_url=http://localhost:8001 region=us-east-1
  > 📊 [SPAN:selection] trace_id=trace-1774458993548809000-stress-task-290 task_id=stress-task-290 duration_us=0 node_url=http://localhost:8001 region=us-east-1
  > 📊 [SPAN:selection] trace_id=trace-1774458993548812000-stress-task-355 task_id=stress-task-355 duration_us=0 node_url=http://localhost:8001 region=us-east-1
  > 📊 [SPAN:selection] trace_id=trace-1774458993548813000-stress-task-338 task_id=stress-task-338 duration_us=0 node_url=http://localhost:8001 region=us-east-1
  > 📊 [SPAN:selection] trace_id=trace-1774458993548812000-stress-task-226 task_id=stress-task-226 duration_us=0 node_url=http://localhost:8001 region=us-east-1
  > 📊 [SPAN:selection] trace_id=trace-1774458993548819000-stress-task-59 task_id=stress-task-59 duration_us=0 node_url=http://localhost:8001 region=us-east-1
  > 📊 [SPAN:selection] trace_id=trace-1774458993548751000-stress-task-80 task_id=stress-task-80 duration_us=0 node_url=http://localhost:8001 region=us-east-1
  > 📊 [SPAN:selection] trace_id=trace-1774458993548823000-stress-task-52 task_id=stress-task-52 duration_us=0 node_url=http://localhost:8001 region=us-east-1
  > 📊 [SPAN:selection] trace_id=trace-1774458993548824000-stress-task-300 task_id=stress-task-300 duration_us=0 node_url=http://localhost:8001 region=us-east-1
  > 📊 [SPAN:selection] trace_id=trace-1774458993548826000-stress-task-313 task_id=stress-task-313 duration_us=0 node_url=http://localhost:8001 region=us-east-1
  > 📊 [SPAN:selection] trace_id=trace-1774458993548821000-stress-task-275 task_id=stress-task-275 duration_us=0 node_url=http://localhost:8001 region=us-east-1
  > 📊 [SPAN:selection] trace_id=trace-1774458993548830000-stress-task-341 task_id=stress-task-341 duration_us=0 node_url=http://localhost:8001 region=us-east-1
  > 📊 [SPAN:selection] trace_id=trace-1774458993548824000-stress-task-358 task_id=stress-task-358 duration_us=0 node_url=http://localhost:8001 region=us-east-1
  > 📊 [SPAN:selection] trace_id=trace-1774458993548801000-stress-task-280 task_id=stress-task-280 duration_us=0 node_url=http://localhost:8001 region=us-east-1
  > 📊 [SPAN:selection] trace_id=trace-1774458993548846000-stress-task-286 task_id=stress-task-286 duration_us=0 node_url=http://localhost:8001 region=us-east-1
  > 📊 [SPAN:selection] trace_id=trace-1774458993548849000-stress-task-307 task_id=stress-task-307 duration_us=0 node_url=http://localhost:8001 region=us-east-1
  > 📊 [SPAN:selection] trace_id=trace-1774458993548828000-stress-task-363 task_id=stress-task-363 duration_us=0 node_url=http://localhost:8001 region=us-east-1
  > 📊 [SPAN:selection] trace_id=trace-1774458993548853000-stress-task-58 task_id=stress-task-58 duration_us=0 node_url=http://localhost:8001 region=us-east-1
  > 📊 [SPAN:selection] trace_id=trace-1774458993548855000-stress-task-326 task_id=stress-task-326 duration_us=0 node_url=http://localhost:8001 region=us-east-1
  > 📊 [SPAN:selection] trace_id=trace-1774458993548857000-stress-task-360 task_id=stress-task-360 duration_us=0 node_url=http://localhost:8001 region=us-east-1
  > 📊 [SPAN:selection] trace_id=trace-1774458993548859000-stress-task-339 task_id=stress-task-339 duration_us=0 node_url=http://localhost:8001 region=us-east-1
  > 📊 [SPAN:selection] trace_id=trace-1774458993548861000-stress-task-387 task_id=stress-task-387 duration_us=0 node_url=http://localhost:8001 region=us-east-1
  > 📊 [SPAN:selection] trace_id=trace-1774458993548863000-stress-task-112 task_id=stress-task-112 duration_us=0 node_url=http://localhost:8001 region=us-east-1
  > 📊 [SPAN:selection] trace_id=trace-1774458993548862000-stress-task-391 task_id=stress-task-391 duration_us=1 node_url=http://localhost:8001 region=us-east-1
  > 📊 [SPAN:selection] trace_id=trace-1774458993548866000-stress-task-7 task_id=stress-task-7 duration_us=0 node_url=http://localhost:8001 region=us-east-1
  > 📊 [SPAN:selection] trace_id=trace-1774458993548869000-stress-task-10 task_id=stress-task-10 duration_us=0 node_url=http://localhost:8001 region=us-east-1
  > 📊 [SPAN:selection] trace_id=trace-1774458993548853000-stress-task-324 task_id=stress-task-324 duration_us=0 node_url=http://localhost:8001 region=us-east-1
  > 📊 [SPAN:selection] trace_id=trace-1774458993548840000-stress-task-111 task_id=stress-task-111 duration_us=0 node_url=http://localhost:8001 region=us-east-1
  > 📊 [SPAN:selection] trace_id=trace-1774458993548872000-stress-task-347 task_id=stress-task-347 duration_us=0 node_url=http://localhost:8001 region=us-east-1
  > 📊 [SPAN:selection] trace_id=trace-1774458993548875000-stress-task-270 task_id=stress-task-270 duration_us=0 node_url=http://localhost:8001 region=us-east-1
  > 📊 [SPAN:selection] trace_id=trace-1774458993548876000-stress-task-38 task_id=stress-task-38 duration_us=0 node_url=http://localhost:8001 region=us-east-1
  > 📊 [SPAN:selection] trace_id=trace-1774458993548824000-stress-task-109 task_id=stress-task-109 duration_us=0 node_url=http://localhost:8001 region=us-east-1
  > 📊 [SPAN:selection] trace_id=trace-1774458993548879000-stress-task-354 task_id=stress-task-354 duration_us=0 node_url=http://localhost:8001 region=us-east-1
  > 📊 [SPAN:selection] trace_id=trace-1774458993548878000-stress-task-42 task_id=stress-task-42 duration_us=0 node_url=http://localhost:8001 region=us-east-1
  > 📊 [SPAN:selection] trace_id=trace-1774458993548871000-stress-task-335 task_id=stress-task-335 duration_us=0 node_url=http://localhost:8001 region=us-east-1
  > 📊 [SPAN:selection] trace_id=trace-1774458993548885000-stress-task-3 task_id=stress-task-3 duration_us=0 node_url=http://localhost:8001 region=us-east-1
  > 📊 [SPAN:selection] trace_id=trace-1774458993548887000-stress-task-90 task_id=stress-task-90 duration_us=0 node_url=http://localhost:8001 region=us-east-1
  > 📊 [SPAN:selection] trace_id=trace-1774458993548831000-stress-task-47 task_id=stress-task-47 duration_us=0 node_url=http://localhost:8001 region=us-east-1
  > 📊 [SPAN:selection] trace_id=trace-1774458993548881000-stress-task-175 task_id=stress-task-175 duration_us=0 node_url=http://localhost:8001 region=us-east-1
  > 📊 [SPAN:selection] trace_id=trace-1774458993548857000-stress-task-310 task_id=stress-task-310 duration_us=0 node_url=http://localhost:8001 region=us-east-1
  > 📊 [SPAN:selection] trace_id=trace-1774458993548884000-stress-task-178 task_id=stress-task-178 duration_us=0 node_url=http://localhost:8001 region=us-east-1
  > 📊 [SPAN:selection] trace_id=trace-1774458993548827000-stress-task-185 task_id=stress-task-185 duration_us=0 node_url=http://localhost:8001 region=us-east-1
  > 📊 [SPAN:selection] trace_id=trace-1774458993548900000-stress-task-45 task_id=stress-task-45 duration_us=0 node_url=http://localhost:8001 region=us-east-1
  > 📊 [SPAN:selection] trace_id=trace-1774458993548903000-stress-task-179 task_id=stress-task-179 duration_us=0 node_url=http://localhost:8001 region=us-east-1
  > 📊 [SPAN:selection] trace_id=trace-1774458993548873000-stress-task-262 task_id=stress-task-262 duration_us=0 node_url=http://localhost:8001 region=us-east-1
  > 📊 [SPAN:selection] trace_id=trace-1774458993548866000-stress-task-374 task_id=stress-task-374 duration_us=0 node_url=http://localhost:8001 region=us-east-1
  > 📊 [SPAN:selection] trace_id=trace-1774458993548908000-stress-task-23 task_id=stress-task-23 duration_us=0 node_url=http://localhost:8001 region=us-east-1
  > 📊 [SPAN:selection] trace_id=trace-1774458993548911000-stress-task-291 task_id=stress-task-291 duration_us=0 node_url=http://localhost:8001 region=us-east-1
  > 📊 [SPAN:selection] trace_id=trace-1774458993548914000-stress-task-386 task_id=stress-task-386 duration_us=0 node_url=http://localhost:8001 region=us-east-1
  > 📊 [SPAN:selection] trace_id=trace-1774458993548878000-stress-task-146 task_id=stress-task-146 duration_us=0 node_url=http://localhost:8001 region=us-east-1
  > 📊 [SPAN:selection] trace_id=trace-1774458993548919000-stress-task-29 task_id=stress-task-29 duration_us=0 node_url=http://localhost:8001 region=us-east-1
  > 📊 [SPAN:selection] trace_id=trace-1774458993548905000-stress-task-53 task_id=stress-task-53 duration_us=0 node_url=http://localhost:8001 region=us-east-1
  > 📊 [SPAN:selection] trace_id=trace-1774458993548924000-stress-task-147 task_id=stress-task-147 duration_us=0 node_url=http://localhost:8001 region=us-east-1
  > 📊 [SPAN:selection] trace_id=trace-1774458993548927000-stress-task-6 task_id=stress-task-6 duration_us=0 node_url=http://localhost:8001 region=us-east-1
  > 📊 [SPAN:selection] trace_id=trace-1774458993548928000-stress-task-153 task_id=stress-task-153 duration_us=0 node_url=http://localhost:8001 region=us-east-1
  > 📊 [SPAN:selection] trace_id=trace-1774458993548931000-stress-task-327 task_id=stress-task-327 duration_us=0 node_url=http://localhost:8001 region=us-east-1
  > 📊 [SPAN:selection] trace_id=trace-1774458993548933000-stress-task-172 task_id=stress-task-172 duration_us=0 node_url=http://localhost:8001 region=us-east-1
  > 📊 [SPAN:selection] trace_id=trace-1774458993548905000-stress-task-250 task_id=stress-task-250 duration_us=0 node_url=http://localhost:8001 region=us-east-1
  > 📊 [SPAN:selection] trace_id=trace-1774458993548922000-stress-task-269 task_id=stress-task-269 duration_us=0 node_url=http://localhost:8001 region=us-east-1
  > 📊 [SPAN:selection] trace_id=trace-1774458993548939000-stress-task-116 task_id=stress-task-116 duration_us=0 node_url=http://localhost:8001 region=us-east-1
  > 📊 [SPAN:selection] trace_id=trace-1774458993548940000-stress-task-181 task_id=stress-task-181 duration_us=0 node_url=http://localhost:8001 region=us-east-1
  > 📊 [SPAN:selection] trace_id=trace-1774458993548928000-stress-task-298 task_id=stress-task-298 duration_us=0 node_url=http://localhost:8001 region=us-east-1
  > 📊 [SPAN:selection] trace_id=trace-1774458993548909000-stress-task-381 task_id=stress-task-381 duration_us=0 node_url=http://localhost:8001 region=us-east-1
  > 📊 [SPAN:selection] trace_id=trace-1774458993548947000-stress-task-233 task_id=stress-task-233 duration_us=0 node_url=http://localhost:8001 region=us-east-1
  > 📊 [SPAN:selection] trace_id=trace-1774458993548925000-stress-task-274 task_id=stress-task-274 duration_us=0 node_url=http://localhost:8001 region=us-east-1
  > 📊 [SPAN:selection] trace_id=trace-1774458993549002000-stress-task-74 task_id=stress-task-74 duration_us=0 node_url=http://localhost:8001 region=us-east-1
  > 📊 [SPAN:selection] trace_id=trace-1774458993549004000-stress-task-303 task_id=stress-task-303 duration_us=0 node_url=http://localhost:8001 region=us-east-1
  > 📊 [SPAN:selection] trace_id=trace-1774458993548942000-stress-task-66 task_id=stress-task-66 duration_us=0 node_url=http://localhost:8001 region=us-east-1
  > 📊 [SPAN:selection] trace_id=trace-1774458993548932000-stress-task-187 task_id=stress-task-187 duration_us=0 node_url=http://localhost:8001 region=us-east-1
  > 📊 [SPAN:selection] trace_id=trace-1774458993549009000-stress-task-192 task_id=stress-task-192 duration_us=0 node_url=http://localhost:8001 region=us-east-1
  > 📊 [SPAN:selection] trace_id=trace-1774458993549015000-stress-task-132 task_id=stress-task-132 duration_us=0 node_url=http://localhost:8001 region=us-east-1
  > 📊 [SPAN:selection] trace_id=trace-1774458993548912000-stress-task-382 task_id=stress-task-382 duration_us=0 node_url=http://localhost:8001 region=us-east-1
  > 📊 [SPAN:selection] trace_id=trace-1774458993548925000-stress-task-63 task_id=stress-task-63 duration_us=0 node_url=http://localhost:8001 region=us-east-1
  > 📊 [SPAN:selection] trace_id=trace-1774458993549019000-stress-task-186 task_id=stress-task-186 duration_us=0 node_url=http://localhost:8001 region=us-east-1
  > 📊 [SPAN:selection] trace_id=trace-1774458993548952000-stress-task-239 task_id=stress-task-239 duration_us=0 node_url=http://localhost:8001 region=us-east-1
  > 📊 [SPAN:selection] trace_id=trace-1774458993549023000-stress-task-30 task_id=stress-task-30 duration_us=0 node_url=http://localhost:8001 region=us-east-1
  > 📊 [SPAN:selection] trace_id=trace-1774458993549026000-stress-task-56 task_id=stress-task-56 duration_us=0 node_url=http://localhost:8001 region=us-east-1
  > 📊 [SPAN:selection] trace_id=trace-1774458993549029000-stress-task-295 task_id=stress-task-295 duration_us=0 node_url=http://localhost:8001 region=us-east-1
  > 📊 [SPAN:selection] trace_id=trace-1774458993548958000-stress-task-117 task_id=stress-task-117 duration_us=0 node_url=http://localhost:8001 region=us-east-1
  > 📊 [SPAN:selection] trace_id=trace-1774458993549033000-stress-task-244 task_id=stress-task-244 duration_us=0 node_url=http://localhost:8001 region=us-east-1
  > 📊 [SPAN:selection] trace_id=trace-1774458993549035000-stress-task-230 task_id=stress-task-230 duration_us=0 node_url=http://localhost:8001 region=us-east-1
  > 📊 [SPAN:selection] trace_id=trace-1774458993549036000-stress-task-234 task_id=stress-task-234 duration_us=0 node_url=http://localhost:8001 region=us-east-1
  > 📊 [SPAN:selection] trace_id=trace-1774458993548960000-stress-task-357 task_id=stress-task-357 duration_us=0 node_url=http://localhost:8001 region=us-east-1
  > 📊 [SPAN:selection] trace_id=trace-1774458993548963000-stress-task-377 task_id=stress-task-377 duration_us=0 node_url=http://localhost:8001 region=us-east-1
  > 📊 [SPAN:selection] trace_id=trace-1774458993549044000-stress-task-241 task_id=stress-task-241 duration_us=0 node_url=http://localhost:8001 region=us-east-1
  > 📊 [SPAN:selection] trace_id=trace-1774458993548970000-stress-task-204 task_id=stress-task-204 duration_us=0 node_url=http://localhost:8001 region=us-east-1
  > 📊 [SPAN:selection] trace_id=trace-1774458993548956000-stress-task-371 task_id=stress-task-371 duration_us=0 node_url=http://localhost:8001 region=us-east-1
  > 📊 [SPAN:selection] trace_id=trace-1774458993549049000-stress-task-266 task_id=stress-task-266 duration_us=0 node_url=http://localhost:8001 region=us-east-1
  > 📊 [SPAN:selection] trace_id=trace-1774458993548870000-stress-task-50 task_id=stress-task-50 duration_us=0 node_url=http://localhost:8001 region=us-east-1
  > 📊 [SPAN:selection] trace_id=trace-1774458993548973000-stress-task-25 task_id=stress-task-25 duration_us=0 node_url=http://localhost:8001 region=us-east-1
  > 📊 [SPAN:selection] trace_id=trace-1774458993548973000-stress-task-323 task_id=stress-task-323 duration_us=0 node_url=http://localhost:8001 region=us-east-1
  > 📊 [SPAN:selection] trace_id=trace-1774458993548976000-stress-task-108 task_id=stress-task-108 duration_us=0 node_url=http://localhost:8001 region=us-east-1
  > 📊 [SPAN:selection] trace_id=trace-1774458993549060000-stress-task-232 task_id=stress-task-232 duration_us=0 node_url=http://localhost:8001 region=us-east-1
  > 📊 [SPAN:selection] trace_id=trace-1774458993548979000-stress-task-67 task_id=stress-task-67 duration_us=0 node_url=http://localhost:8001 region=us-east-1
  > 📊 [SPAN:selection] trace_id=trace-1774458993548986000-stress-task-120 task_id=stress-task-120 duration_us=0 node_url=http://localhost:8001 region=us-east-1
  > 📊 [SPAN:selection] trace_id=trace-1774458993549066000-stress-task-325 task_id=stress-task-325 duration_us=0 node_url=http://localhost:8001 region=us-east-1
  > 📊 [SPAN:selection] trace_id=trace-1774458993549068000-stress-task-393 task_id=stress-task-393 duration_us=0 node_url=http://localhost:8001 region=us-east-1
  > 📊 [SPAN:selection] trace_id=trace-1774458993549069000-stress-task-124 task_id=stress-task-124 duration_us=0 node_url=http://localhost:8001 region=us-east-1
  > 📊 [SPAN:selection] trace_id=trace-1774458993549073000-stress-task-207 task_id=stress-task-207 duration_us=0 node_url=http://localhost:8001 region=us-east-1
  > 📊 [SPAN:selection] trace_id=trace-1774458993549075000-stress-task-284 task_id=stress-task-284 duration_us=0 node_url=http://localhost:8001 region=us-east-1
  > 📊 [SPAN:selection] trace_id=trace-1774458993549077000-stress-task-16 task_id=stress-task-16 duration_us=0 node_url=http://localhost:8001 region=us-east-1
  > 📊 [SPAN:selection] trace_id=trace-1774458993549079000-stress-task-208 task_id=stress-task-208 duration_us=0 node_url=http://localhost:8001 region=us-east-1
  > 📊 [SPAN:selection] trace_id=trace-1774458993548944000-stress-task-114 task_id=stress-task-114 duration_us=0 node_url=http://localhost:8001 region=us-east-1
  > 📊 [SPAN:selection] trace_id=trace-1774458993549083000-stress-task-150 task_id=stress-task-150 duration_us=0 node_url=http://localhost:8001 region=us-east-1
  > 📊 [SPAN:selection] trace_id=trace-1774458993549085000-stress-task-217 task_id=stress-task-217 duration_us=0 node_url=http://localhost:8001 region=us-east-1
  > 📊 [SPAN:selection] trace_id=trace-1774458993549087000-stress-task-205 task_id=stress-task-205 duration_us=0 node_url=http://localhost:8001 region=us-east-1
  > 📊 [SPAN:selection] trace_id=trace-1774458993548952000-stress-task-210 task_id=stress-task-210 duration_us=0 node_url=http://localhost:8001 region=us-east-1
  > 📊 [SPAN:selection] trace_id=trace-1774458993549091000-stress-task-84 task_id=stress-task-84 duration_us=0 node_url=http://localhost:8001 region=us-east-1
  > 📊 [SPAN:selection] trace_id=trace-1774458993548952000-stress-task-276 task_id=stress-task-276 duration_us=0 node_url=http://localhost:8001 region=us-east-1
  > 📊 [SPAN:selection] trace_id=trace-1774458993548976000-stress-task-361 task_id=stress-task-361 duration_us=0 node_url=http://localhost:8001 region=us-east-1
  > 📊 [SPAN:selection] trace_id=trace-1774458993548955000-stress-task-81 task_id=stress-task-81 duration_us=0 node_url=http://localhost:8001 region=us-east-1
  > 📊 [SPAN:selection] trace_id=trace-1774458993549096000-stress-task-1 task_id=stress-task-1 duration_us=0 node_url=http://localhost:8001 region=us-east-1
  > 📊 [SPAN:selection] trace_id=trace-1774458993549027000-stress-task-375 task_id=stress-task-375 duration_us=0 node_url=http://localhost:8001 region=us-east-1
  > 📊 [SPAN:selection] trace_id=trace-1774458993549021000-stress-task-85 task_id=stress-task-85 duration_us=0 node_url=http://localhost:8001 region=us-east-1
  > 📊 [SPAN:selection] trace_id=trace-1774458993549030000-stress-task-394 task_id=stress-task-394 duration_us=0 node_url=http://localhost:8001 region=us-east-1
  > 📊 [SPAN:selection] trace_id=trace-1774458993549100000-stress-task-126 task_id=stress-task-126 duration_us=0 node_url=http://localhost:8001 region=us-east-1
  > 📊 [SPAN:selection] trace_id=trace-1774458993549032000-stress-task-203 task_id=stress-task-203 duration_us=0 node_url=http://localhost:8001 region=us-east-1
  > 📊 [SPAN:selection] trace_id=trace-1774458993549035000-stress-task-180 task_id=stress-task-180 duration_us=0 node_url=http://localhost:8001 region=us-east-1
  > 📊 [SPAN:selection] trace_id=trace-1774458993549046000-stress-task-183 task_id=stress-task-183 duration_us=0 node_url=http://localhost:8001 region=us-east-1
  > 📊 [SPAN:selection] trace_id=trace-1774458993548974000-stress-task-71 task_id=stress-task-71 duration_us=0 node_url=http://localhost:8001 region=us-east-1
  > 📊 [SPAN:selection] trace_id=trace-1774458993549107000-stress-task-93 task_id=stress-task-93 duration_us=0 node_url=http://localhost:8001 region=us-east-1
  > 📊 [SPAN:selection] trace_id=trace-1774458993549057000-stress-task-149 task_id=stress-task-149 duration_us=0 node_url=http://localhost:8001 region=us-east-1
  > 📊 [SPAN:selection] trace_id=trace-1774458993549055000-stress-task-123 task_id=stress-task-123 duration_us=0 node_url=http://localhost:8001 region=us-east-1
  > 📊 [SPAN:selection] trace_id=trace-1774458993548868000-stress-task-268 task_id=stress-task-268 duration_us=0 node_url=http://localhost:8001 region=us-east-1
  > 📊 [SPAN:selection] trace_id=trace-1774458993549060000-stress-task-249 task_id=stress-task-249 duration_us=0 node_url=http://localhost:8001 region=us-east-1
  > 📊 [SPAN:selection] trace_id=trace-1774458993549062000-stress-task-312 task_id=stress-task-312 duration_us=0 node_url=http://localhost:8001 region=us-east-1
  > 📊 [SPAN:selection] trace_id=trace-1774458993549063000-stress-task-264 task_id=stress-task-264 duration_us=0 node_url=http://localhost:8001 region=us-east-1
  > 📊 [SPAN:selection] trace_id=trace-1774458993548988000-stress-task-79 task_id=stress-task-79 duration_us=0 node_url=http://localhost:8001 region=us-east-1
  > 📊 [SPAN:selection] trace_id=trace-1774458993548989000-stress-task-166 task_id=stress-task-166 duration_us=0 node_url=http://localhost:8001 region=us-east-1
  > 📊 [SPAN:selection] trace_id=trace-1774458993549066000-stress-task-279 task_id=stress-task-279 duration_us=0 node_url=http://localhost:8001 region=us-east-1
  > 📊 [SPAN:selection] trace_id=trace-1774458993549066000-stress-task-110 task_id=stress-task-110 duration_us=0 node_url=http://localhost:8001 region=us-east-1
  > 📊 [SPAN:selection] trace_id=trace-1774458993549069000-stress-task-281 task_id=stress-task-281 duration_us=0 node_url=http://localhost:8001 region=us-east-1
  > 📊 [SPAN:selection] trace_id=trace-1774458993548994000-stress-task-2 task_id=stress-task-2 duration_us=0 node_url=http://localhost:8001 region=us-east-1
  > 📊 [SPAN:selection] trace_id=trace-1774458993549049000-stress-task-202 task_id=stress-task-202 duration_us=0 node_url=http://localhost:8001 region=us-east-1
  > 📊 [SPAN:selection] trace_id=trace-1774458993549071000-stress-task-289 task_id=stress-task-289 duration_us=0 node_url=http://localhost:8001 region=us-east-1
  > 📊 [SPAN:selection] trace_id=trace-1774458993548992000-stress-task-168 task_id=stress-task-168 duration_us=0 node_url=http://localhost:8001 region=us-east-1
  > 📊 [SPAN:selection] trace_id=trace-1774458993549073000-stress-task-86 task_id=stress-task-86 duration_us=0 node_url=http://localhost:8001 region=us-east-1
  > 📊 [SPAN:selection] trace_id=trace-1774458993549074000-stress-task-376 task_id=stress-task-376 duration_us=0 node_url=http://localhost:8001 region=us-east-1
  > 📊 [SPAN:selection] trace_id=trace-1774458993549075000-stress-task-337 task_id=stress-task-337 duration_us=0 node_url=http://localhost:8001 region=us-east-1
  > 📊 [SPAN:selection] trace_id=trace-1774458993548998000-stress-task-43 task_id=stress-task-43 duration_us=0 node_url=http://localhost:8001 region=us-east-1
  > 📊 [SPAN:selection] trace_id=trace-1774458993549002000-stress-task-258 task_id=stress-task-258 duration_us=0 node_url=http://localhost:8001 region=us-east-1
  > 📊 [SPAN:selection] trace_id=trace-1774458993548974000-stress-task-128 task_id=stress-task-128 duration_us=0 node_url=http://localhost:8001 region=us-east-1
  > 📊 [SPAN:selection] trace_id=trace-1774458993549066000-stress-task-238 task_id=stress-task-238 duration_us=0 node_url=http://localhost:8001 region=us-east-1
  > 📊 [SPAN:selection] trace_id=trace-1774458993549082000-stress-task-143 task_id=stress-task-143 duration_us=0 node_url=http://localhost:8001 region=us-east-1
  > 📊 [SPAN:selection] trace_id=trace-1774458993548946000-stress-task-198 task_id=stress-task-198 duration_us=0 node_url=http://localhost:8001 region=us-east-1
  > 📊 [SPAN:selection] trace_id=trace-1774458993548936000-stress-task-302 task_id=stress-task-302 duration_us=0 node_url=http://localhost:8001 region=us-east-1
  > 📊 [SPAN:selection] trace_id=trace-1774458993549085000-stress-task-235 task_id=stress-task-235 duration_us=0 node_url=http://localhost:8001 region=us-east-1
  > 📊 [SPAN:selection] trace_id=trace-1774458993549017000-stress-task-5 task_id=stress-task-5 duration_us=0 node_url=http://localhost:8001 region=us-east-1
  > 📊 [SPAN:selection] trace_id=trace-1774458993549088000-stress-task-229 task_id=stress-task-229 duration_us=0 node_url=http://localhost:8001 region=us-east-1
  > 📊 [SPAN:selection] trace_id=trace-1774458993549088000-stress-task-57 task_id=stress-task-57 duration_us=0 node_url=http://localhost:8001 region=us-east-1
  > 📊 [SPAN:selection] trace_id=trace-1774458993549092000-stress-task-319 task_id=stress-task-319 duration_us=0 node_url=http://localhost:8001 region=us-east-1
  > 📊 [SPAN:selection] trace_id=trace-1774458993548954000-stress-task-340 task_id=stress-task-340 duration_us=0 node_url=http://localhost:8001 region=us-east-1
  > 📊 [SPAN:selection] trace_id=trace-1774458993548957000-stress-task-273 task_id=stress-task-273 duration_us=0 node_url=http://localhost:8001 region=us-east-1
  > 📊 [SPAN:selection] trace_id=trace-1774458993549033000-stress-task-163 task_id=stress-task-163 duration_us=0 node_url=http://localhost:8001 region=us-east-1
  > 📊 [SPAN:selection] trace_id=trace-1774458993548968000-stress-task-137 task_id=stress-task-137 duration_us=0 node_url=http://localhost:8001 region=us-east-1
  > 📊 [SPAN:selection] trace_id=trace-1774458993549104000-stress-task-167 task_id=stress-task-167 duration_us=0 node_url=http://localhost:8001 region=us-east-1
  > 📊 [SPAN:selection] trace_id=trace-1774458993549106000-stress-task-37 task_id=stress-task-37 duration_us=0 node_url=http://localhost:8001 region=us-east-1
  > 📊 [SPAN:selection] trace_id=trace-1774458993548998000-stress-task-95 task_id=stress-task-95 duration_us=0 node_url=http://localhost:8001 region=us-east-1
  > 📊 [SPAN:selection] trace_id=trace-1774458993549176000-stress-task-145 task_id=stress-task-145 duration_us=0 node_url=http://localhost:8001 region=us-east-1
  > 📊 [SPAN:selection] trace_id=trace-1774458993549182000-stress-task-221 task_id=stress-task-221 duration_us=0 node_url=http://localhost:8001 region=us-east-1
  > 📊 [SPAN:selection] trace_id=trace-1774458993549186000-stress-task-256 task_id=stress-task-256 duration_us=0 node_url=http://localhost:8001 region=us-east-1
  > 📊 [SPAN:selection] trace_id=trace-1774458993548976000-stress-task-12 task_id=stress-task-12 duration_us=0 node_url=http://localhost:8001 region=us-east-1
  > 📊 [SPAN:selection] trace_id=trace-1774458993549189000-stress-task-379 task_id=stress-task-379 duration_us=0 node_url=http://localhost:8001 region=us-east-1
  > 📊 [SPAN:selection] trace_id=trace-1774458993549191000-stress-task-9 task_id=stress-task-9 duration_us=0 node_url=http://localhost:8001 region=us-east-1
  > 📊 [SPAN:selection] trace_id=trace-1774458993549198000-stress-task-139 task_id=stress-task-139 duration_us=0 node_url=http://localhost:8001 region=us-east-1
  > 📊 [SPAN:selection] trace_id=trace-1774458993549190000-stress-task-213 task_id=stress-task-213 duration_us=0 node_url=http://localhost:8001 region=us-east-1
  > 📊 [SPAN:selection] trace_id=trace-1774458993549200000-stress-task-318 task_id=stress-task-318 duration_us=0 node_url=http://localhost:8001 region=us-east-1
  > 📊 [SPAN:selection] trace_id=trace-1774458993549203000-stress-task-342 task_id=stress-task-342 duration_us=0 node_url=http://localhost:8001 region=us-east-1
  > 📊 [SPAN:selection] trace_id=trace-1774458993549204000-stress-task-322 task_id=stress-task-322 duration_us=0 node_url=http://localhost:8001 region=us-east-1
  > 📊 [SPAN:selection] trace_id=trace-1774458993549206000-stress-task-283 task_id=stress-task-283 duration_us=0 node_url=http://localhost:8001 region=us-east-1
  > 📊 [SPAN:selection] trace_id=trace-1774458993549206000-stress-task-343 task_id=stress-task-343 duration_us=0 node_url=http://localhost:8001 region=us-east-1
  > 📊 [SPAN:selection] trace_id=trace-1774458993549210000-stress-task-35 task_id=stress-task-35 duration_us=0 node_url=http://localhost:8001 region=us-east-1
  > 📊 [SPAN:selection] trace_id=trace-1774458993549211000-stress-task-399 task_id=stress-task-399 duration_us=0 node_url=http://localhost:8001 region=us-east-1
  > 📊 [SPAN:selection] trace_id=trace-1774458993549213000-stress-task-125 task_id=stress-task-125 duration_us=0 node_url=http://localhost:8001 region=us-east-1
  > 📊 [SPAN:selection] trace_id=trace-1774458993549216000-stress-task-353 task_id=stress-task-353 duration_us=0 node_url=http://localhost:8001 region=us-east-1
  > 📊 [SPAN:selection] trace_id=trace-1774458993549218000-stress-task-91 task_id=stress-task-91 duration_us=0 node_url=http://localhost:8001 region=us-east-1
  > 📊 [SPAN:selection] trace_id=trace-1774458993549219000-stress-task-200 task_id=stress-task-200 duration_us=0 node_url=http://localhost:8001 region=us-east-1
  > 📊 [SPAN:selection] trace_id=trace-1774458993549221000-stress-task-106 task_id=stress-task-106 duration_us=0 node_url=http://localhost:8001 region=us-east-1
  > 📊 [SPAN:selection] trace_id=trace-1774458993549222000-stress-task-130 task_id=stress-task-130 duration_us=0 node_url=http://localhost:8001 region=us-east-1
  > 📊 [SPAN:selection] trace_id=trace-1774458993549223000-stress-task-121 task_id=stress-task-121 duration_us=0 node_url=http://localhost:8001 region=us-east-1
  > 📊 [SPAN:selection] trace_id=trace-1774458993549225000-stress-task-133 task_id=stress-task-133 duration_us=0 node_url=http://localhost:8001 region=us-east-1
  > 📊 [SPAN:selection] trace_id=trace-1774458993549226000-stress-task-162 task_id=stress-task-162 duration_us=0 node_url=http://localhost:8001 region=us-east-1
  > 📊 [SPAN:selection] trace_id=trace-1774458993549227000-stress-task-220 task_id=stress-task-220 duration_us=0 node_url=http://localhost:8001 region=us-east-1
  > 📊 [SPAN:selection] trace_id=trace-1774458993549230000-stress-task-332 task_id=stress-task-332 duration_us=0 node_url=http://localhost:8001 region=us-east-1
  > 📊 [SPAN:selection] trace_id=trace-1774458993549233000-stress-task-265 task_id=stress-task-265 duration_us=0 node_url=http://localhost:8001 region=us-east-1
  > 📊 [SPAN:selection] trace_id=trace-1774458993549234000-stress-task-373 task_id=stress-task-373 duration_us=0 node_url=http://localhost:8001 region=us-east-1
  > 📊 [SPAN:selection] trace_id=trace-1774458993549235000-stress-task-36 task_id=stress-task-36 duration_us=0 node_url=http://localhost:8001 region=us-east-1
  > 📊 [SPAN:selection] trace_id=trace-1774458993549238000-stress-task-49 task_id=stress-task-49 duration_us=0 node_url=http://localhost:8001 region=us-east-1
  > 📊 [SPAN:selection] trace_id=trace-1774458993549238000-stress-task-260 task_id=stress-task-260 duration_us=0 node_url=http://localhost:8001 region=us-east-1
  > 📊 [SPAN:selection] trace_id=trace-1774458993549240000-stress-task-285 task_id=stress-task-285 duration_us=0 node_url=http://localhost:8001 region=us-east-1
  > 📊 [SPAN:selection] trace_id=trace-1774458993549243000-stress-task-99 task_id=stress-task-99 duration_us=0 node_url=http://localhost:8001 region=us-east-1
  > 📊 [SPAN:selection] trace_id=trace-1774458993549245000-stress-task-227 task_id=stress-task-227 duration_us=0 node_url=http://localhost:8001 region=us-east-1
  > 📊 [SPAN:selection] trace_id=trace-1774458993549246000-stress-task-103 task_id=stress-task-103 duration_us=0 node_url=http://localhost:8001 region=us-east-1
  > 📊 [SPAN:selection] trace_id=trace-1774458993549250000-stress-task-383 task_id=stress-task-383 duration_us=0 node_url=http://localhost:8001 region=us-east-1
  > 📊 [SPAN:selection] trace_id=trace-1774458993549252000-stress-task-127 task_id=stress-task-127 duration_us=0 node_url=http://localhost:8001 region=us-east-1
  > 📊 [SPAN:selection] trace_id=trace-1774458993549248000-stress-task-177 task_id=stress-task-177 duration_us=0 node_url=http://localhost:8001 region=us-east-1
  > 📊 [SPAN:selection] trace_id=trace-1774458993549255000-stress-task-240 task_id=stress-task-240 duration_us=0 node_url=http://localhost:8001 region=us-east-1
  > 📊 [SPAN:selection] trace_id=trace-1774458993549257000-stress-task-293 task_id=stress-task-293 duration_us=0 node_url=http://localhost:8001 region=us-east-1
  > 📊 [SPAN:selection] trace_id=trace-1774458993549257000-stress-task-211 task_id=stress-task-211 duration_us=0 node_url=http://localhost:8001 region=us-east-1
  > 📊 [SPAN:selection] trace_id=trace-1774458993549260000-stress-task-259 task_id=stress-task-259 duration_us=0 node_url=http://localhost:8001 region=us-east-1
  > 📊 [SPAN:selection] trace_id=trace-1774458993549261000-stress-task-253 task_id=stress-task-253 duration_us=0 node_url=http://localhost:8001 region=us-east-1
  > 📊 [SPAN:selection] trace_id=trace-1774458993549263000-stress-task-350 task_id=stress-task-350 duration_us=0 node_url=http://localhost:8001 region=us-east-1
  > 📊 [SPAN:selection] trace_id=trace-1774458993549261000-stress-task-315 task_id=stress-task-315 duration_us=0 node_url=http://localhost:8001 region=us-east-1
  > 📊 [SPAN:selection] trace_id=trace-1774458993549266000-stress-task-26 task_id=stress-task-26 duration_us=0 node_url=http://localhost:8001 region=us-east-1
  > 📊 [SPAN:selection] trace_id=trace-1774458993549268000-stress-task-64 task_id=stress-task-64 duration_us=0 node_url=http://localhost:8001 region=us-east-1
  > 📊 [SPAN:selection] trace_id=trace-1774458993549270000-stress-task-70 task_id=stress-task-70 duration_us=0 node_url=http://localhost:8001 region=us-east-1
  > 📊 [SPAN:selection] trace_id=trace-1774458993549271000-stress-task-77 task_id=stress-task-77 duration_us=0 node_url=http://localhost:8001 region=us-east-1
  > 📊 [SPAN:selection] trace_id=trace-1774458993549273000-stress-task-98 task_id=stress-task-98 duration_us=0 node_url=http://localhost:8001 region=us-east-1
  > 📊 [SPAN:selection] trace_id=trace-1774458993549274000-stress-task-317 task_id=stress-task-317 duration_us=0 node_url=http://localhost:8001 region=us-east-1
  > 📊 [SPAN:selection] trace_id=trace-1774458993549259000-stress-task-248 task_id=stress-task-248 duration_us=0 node_url=http://localhost:8001 region=us-east-1
  > 📊 [SPAN:selection] trace_id=trace-1774458993549278000-stress-task-182 task_id=stress-task-182 duration_us=0 node_url=http://localhost:8001 region=us-east-1
  > 📊 [SPAN:selection] trace_id=trace-1774458993549277000-stress-task-331 task_id=stress-task-331 duration_us=0 node_url=http://localhost:8001 region=us-east-1
  > 📊 [SPAN:selection] trace_id=trace-1774458993549276000-stress-task-140 task_id=stress-task-140 duration_us=0 node_url=http://localhost:8001 region=us-east-1
  > 📊 [SPAN:selection] trace_id=trace-1774458993549281000-stress-task-344 task_id=stress-task-344 duration_us=0 node_url=http://localhost:8001 region=us-east-1
  > 📊 [SPAN:selection] trace_id=trace-1774458993549285000-stress-task-385 task_id=stress-task-385 duration_us=0 node_url=http://localhost:8001 region=us-east-1
  > 📊 [SPAN:selection] trace_id=trace-1774458993549287000-stress-task-119 task_id=stress-task-119 duration_us=0 node_url=http://localhost:8001 region=us-east-1
  > 📊 [SPAN:selection] trace_id=trace-1774458993549285000-stress-task-92 task_id=stress-task-92 duration_us=0 node_url=http://localhost:8001 region=us-east-1
  > 📊 [SPAN:selection] trace_id=trace-1774458993549290000-stress-task-4 task_id=stress-task-4 duration_us=0 node_url=http://localhost:8001 region=us-east-1
  > 📊 [SPAN:selection] trace_id=trace-1774458993549292000-stress-task-396 task_id=stress-task-396 duration_us=0 node_url=http://localhost:8001 region=us-east-1
  > 📊 [SPAN:selection] trace_id=trace-1774458993549294000-stress-task-69 task_id=stress-task-69 duration_us=0 node_url=http://localhost:8001 region=us-east-1
  > 📊 [SPAN:selection] trace_id=trace-1774458993549297000-stress-task-174 task_id=stress-task-174 duration_us=0 node_url=http://localhost:8001 region=us-east-1
  > 📊 [SPAN:selection] trace_id=trace-1774458993549283000-stress-task-380 task_id=stress-task-380 duration_us=0 node_url=http://localhost:8001 region=us-east-1
  > 📊 [SPAN:selection] trace_id=trace-1774458993549299000-stress-task-33 task_id=stress-task-33 duration_us=0 node_url=http://localhost:8001 region=us-east-1
  > 📊 [SPAN:selection] trace_id=trace-1774458993549291000-stress-task-242 task_id=stress-task-242 duration_us=0 node_url=http://localhost:8001 region=us-east-1
  > 📊 [SPAN:selection] trace_id=trace-1774458993549283000-stress-task-89 task_id=stress-task-89 duration_us=0 node_url=http://localhost:8001 region=us-east-1
  > 📊 [SPAN:selection] trace_id=trace-1774458993549294000-stress-task-158 task_id=stress-task-158 duration_us=0 node_url=http://localhost:8001 region=us-east-1
  > 📊 [SPAN:selection] trace_id=trace-1774458993549305000-stress-task-356 task_id=stress-task-356 duration_us=0 node_url=http://localhost:8001 region=us-east-1
  > 📊 [SPAN:selection] trace_id=trace-1774458993549279000-stress-task-395 task_id=stress-task-395 duration_us=0 node_url=http://localhost:8001 region=us-east-1
  > 📊 [SPAN:selection] trace_id=trace-1774458993549303000-stress-task-151 task_id=stress-task-151 duration_us=0 node_url=http://localhost:8001 region=us-east-1
  > 📊 [SPAN:selection] trace_id=trace-1774458993549308000-stress-task-100 task_id=stress-task-100 duration_us=0 node_url=http://localhost:8001 region=us-east-1
  > 📊 [SPAN:selection] trace_id=trace-1774458993549311000-stress-task-328 task_id=stress-task-328 duration_us=0 node_url=http://localhost:8001 region=us-east-1
  > 📊 [SPAN:selection] trace_id=trace-1774458993549307000-stress-task-169 task_id=stress-task-169 duration_us=0 node_url=http://localhost:8001 region=us-east-1
  > 📊 [SPAN:selection] trace_id=trace-1774458993549303000-stress-task-352 task_id=stress-task-352 duration_us=0 node_url=http://localhost:8001 region=us-east-1
  > 📊 [SPAN:selection] trace_id=trace-1774458993549316000-stress-task-392 task_id=stress-task-392 duration_us=0 node_url=http://localhost:8001 region=us-east-1
  > 📊 [SPAN:selection] trace_id=trace-1774458993549309000-stress-task-247 task_id=stress-task-247 duration_us=0 node_url=http://localhost:8001 region=us-east-1
  > 📊 [SPAN:selection] trace_id=trace-1774458993549321000-stress-task-135 task_id=stress-task-135 duration_us=0 node_url=http://localhost:8001 region=us-east-1
  > 📊 [SPAN:selection] trace_id=trace-1774458993549322000-stress-task-255 task_id=stress-task-255 duration_us=0 node_url=http://localhost:8001 region=us-east-1
  > 📊 [SPAN:selection] trace_id=trace-1774458993549305000-stress-task-159 task_id=stress-task-159 duration_us=0 node_url=http://localhost:8001 region=us-east-1
  > 📊 [SPAN:selection] trace_id=trace-1774458993549326000-stress-task-27 task_id=stress-task-27 duration_us=0 node_url=http://localhost:8001 region=us-east-1
  > 📊 [SPAN:selection] trace_id=trace-1774458993549327000-stress-task-55 task_id=stress-task-55 duration_us=0 node_url=http://localhost:8001 region=us-east-1
  > 📊 [SPAN:selection] trace_id=trace-1774458993549322000-stress-task-277 task_id=stress-task-277 duration_us=0 node_url=http://localhost:8001 region=us-east-1
  > 📊 [SPAN:selection] trace_id=trace-1774458993549320000-stress-task-184 task_id=stress-task-184 duration_us=0 node_url=http://localhost:8001 region=us-east-1
  > 📊 [SPAN:selection] trace_id=trace-1774458993549336000-stress-task-75 task_id=stress-task-75 duration_us=0 node_url=http://localhost:8001 region=us-east-1
  > 📊 [SPAN:selection] trace_id=trace-1774458993549319000-stress-task-176 task_id=stress-task-176 duration_us=0 node_url=http://localhost:8001 region=us-east-1
  > 📊 [SPAN:selection] trace_id=trace-1774458993549324000-stress-task-388 task_id=stress-task-388 duration_us=0 node_url=http://localhost:8001 region=us-east-1
  > 📊 [SPAN:selection] trace_id=trace-1774458993549342000-stress-task-46 task_id=stress-task-46 duration_us=0 node_url=http://localhost:8001 region=us-east-1
  > 📊 [SPAN:selection] trace_id=trace-1774458993549339000-stress-task-231 task_id=stress-task-231 duration_us=0 node_url=http://localhost:8001 region=us-east-1
  > 📊 [SPAN:selection] trace_id=trace-1774458993549342000-stress-task-237 task_id=stress-task-237 duration_us=0 node_url=http://localhost:8001 region=us-east-1
  > 📊 [SPAN:selection] trace_id=trace-1774458993549345000-stress-task-13 task_id=stress-task-13 duration_us=0 node_url=http://localhost:8001 region=us-east-1
  > 📊 [SPAN:selection] trace_id=trace-1774458993549349000-stress-task-88 task_id=stress-task-88 duration_us=0 node_url=http://localhost:8001 region=us-east-1
  > 📊 [SPAN:selection] trace_id=trace-1774458993549351000-stress-task-115 task_id=stress-task-115 duration_us=0 node_url=http://localhost:8001 region=us-east-1
  > 📊 [SPAN:selection] trace_id=trace-1774458993549353000-stress-task-189 task_id=stress-task-189 duration_us=0 node_url=http://localhost:8001 region=us-east-1
  > 📊 [SPAN:selection] trace_id=trace-1774458993549356000-stress-task-129 task_id=stress-task-129 duration_us=0 node_url=http://localhost:8001 region=us-east-1
  > 📊 [SPAN:selection] trace_id=trace-1774458993549357000-stress-task-218 task_id=stress-task-218 duration_us=0 node_url=http://localhost:8001 region=us-east-1
  > 📊 [SPAN:selection] trace_id=trace-1774458993549359000-stress-task-107 task_id=stress-task-107 duration_us=0 node_url=http://localhost:8001 region=us-east-1
  > 📊 [SPAN:selection] trace_id=trace-1774458993549361000-stress-task-261 task_id=stress-task-261 duration_us=0 node_url=http://localhost:8001 region=us-east-1
  > 📊 [SPAN:selection] trace_id=trace-1774458993549361000-stress-task-196 task_id=stress-task-196 duration_us=0 node_url=http://localhost:8001 region=us-east-1
  > 📊 [SPAN:selection] trace_id=trace-1774458993549363000-stress-task-278 task_id=stress-task-278 duration_us=0 node_url=http://localhost:8001 region=us-east-1
  > 📊 [SPAN:selection] trace_id=trace-1774458993549357000-stress-task-223 task_id=stress-task-223 duration_us=0 node_url=http://localhost:8001 region=us-east-1
  > 📊 [SPAN:selection] trace_id=trace-1774458993549359000-stress-task-225 task_id=stress-task-225 duration_us=0 node_url=http://localhost:8001 region=us-east-1
  > 📊 [SPAN:selection] trace_id=trace-1774458993549351000-stress-task-101 task_id=stress-task-101 duration_us=0 node_url=http://localhost:8001 region=us-east-1
  > 📊 [SPAN:selection] trace_id=trace-1774458993549336000-stress-task-199 task_id=stress-task-199 duration_us=0 node_url=http://localhost:8001 region=us-east-1
  > 📊 [SPAN:selection] trace_id=trace-1774458993549375000-stress-task-294 task_id=stress-task-294 duration_us=0 node_url=http://localhost:8001 region=us-east-1
  > 📊 [SPAN:selection] trace_id=trace-1774458993549376000-stress-task-197 task_id=stress-task-197 duration_us=0 node_url=http://localhost:8001 region=us-east-1
  > 📊 [SPAN:selection] trace_id=trace-1774458993549378000-stress-task-152 task_id=stress-task-152 duration_us=0 node_url=http://localhost:8001 region=us-east-1
  > 📊 [SPAN:selection] trace_id=trace-1774458993549381000-stress-task-156 task_id=stress-task-156 duration_us=0 node_url=http://localhost:8001 region=us-east-1
  > 📊 [SPAN:selection] trace_id=trace-1774458993549380000-stress-task-78 task_id=stress-task-78 duration_us=0 node_url=http://localhost:8001 region=us-east-1
  > 📊 [SPAN:selection] trace_id=trace-1774458993549374000-stress-task-194 task_id=stress-task-194 duration_us=0 node_url=http://localhost:8001 region=us-east-1
  > 📊 [SPAN:selection] trace_id=trace-1774458993549354000-stress-task-102 task_id=stress-task-102 duration_us=0 node_url=http://localhost:8001 region=us-east-1
  > 📊 [SPAN:selection] trace_id=trace-1774458993549386000-stress-task-333 task_id=stress-task-333 duration_us=0 node_url=http://localhost:8001 region=us-east-1
  > 📊 [SPAN:selection] trace_id=trace-1774458993549350000-stress-task-60 task_id=stress-task-60 duration_us=0 node_url=http://localhost:8001 region=us-east-1
  > 📊 [SPAN:selection] trace_id=trace-1774458993549372000-stress-task-165 task_id=stress-task-165 duration_us=0 node_url=http://localhost:8001 region=us-east-1
  > 📊 [SPAN:selection] trace_id=trace-1774458993549392000-stress-task-257 task_id=stress-task-257 duration_us=0 node_url=http://localhost:8001 region=us-east-1
  > 📊 [SPAN:selection] trace_id=trace-1774458993549397000-stress-task-32 task_id=stress-task-32 duration_us=0 node_url=http://localhost:8001 region=us-east-1
  > 📊 [SPAN:selection] trace_id=trace-1774458993549398000-stress-task-212 task_id=stress-task-212 duration_us=0 node_url=http://localhost:8001 region=us-east-1
  > 📊 [SPAN:selection] trace_id=trace-1774458993549383000-stress-task-105 task_id=stress-task-105 duration_us=0 node_url=http://localhost:8001 region=us-east-1
  > 📊 [SPAN:selection] trace_id=trace-1774458993549403000-stress-task-222 task_id=stress-task-222 duration_us=0 node_url=http://localhost:8001 region=us-east-1
  > 📊 [SPAN:selection] trace_id=trace-1774458993549394000-stress-task-299 task_id=stress-task-299 duration_us=0 node_url=http://localhost:8001 region=us-east-1
  > 📊 [SPAN:selection] trace_id=trace-1774458993549409000-stress-task-282 task_id=stress-task-282 duration_us=0 node_url=http://localhost:8001 region=us-east-1
  > 📊 [SPAN:selection] trace_id=trace-1774458993549376000-stress-task-0 task_id=stress-task-0 duration_us=0 node_url=http://localhost:8001 region=us-east-1
  > 📊 [SPAN:selection] trace_id=trace-1774458993549414000-stress-task-287 task_id=stress-task-287 duration_us=0 node_url=http://localhost:8001 region=us-east-1
  > 📊 [SPAN:selection] trace_id=trace-1774458993549380000-stress-task-267 task_id=stress-task-267 duration_us=0 node_url=http://localhost:8001 region=us-east-1
  > 📊 [SPAN:selection] trace_id=trace-1774458993549403000-stress-task-19 task_id=stress-task-19 duration_us=0 node_url=http://localhost:8001 region=us-east-1
  > 📊 [SPAN:selection] trace_id=trace-1774458993549419000-stress-task-195 task_id=stress-task-195 duration_us=0 node_url=http://localhost:8001 region=us-east-1
  > 📊 [SPAN:selection] trace_id=trace-1774458993549361000-stress-task-246 task_id=stress-task-246 duration_us=0 node_url=http://localhost:8001 region=us-east-1
  > 📊 [SPAN:selection] trace_id=trace-1774458993549423000-stress-task-308 task_id=stress-task-308 duration_us=0 node_url=http://localhost:8001 region=us-east-1
  > 📊 [SPAN:selection] trace_id=trace-1774458993549401000-stress-task-164 task_id=stress-task-164 duration_us=0 node_url=http://localhost:8001 region=us-east-1
  > 📊 [SPAN:selection] trace_id=trace-1774458993549428000-stress-task-365 task_id=stress-task-365 duration_us=0 node_url=http://localhost:8001 region=us-east-1
  > 📊 [SPAN:selection] trace_id=trace-1774458993549428000-stress-task-288 task_id=stress-task-288 duration_us=0 node_url=http://localhost:8001 region=us-east-1
  > 📊 [SPAN:selection] trace_id=trace-1774458993549356000-stress-task-104 task_id=stress-task-104 duration_us=0 node_url=http://localhost:8001 region=us-east-1
  > 📊 [SPAN:selection] trace_id=trace-1774458993549434000-stress-task-17 task_id=stress-task-17 duration_us=0 node_url=http://localhost:8001 region=us-east-1
  > 📊 [SPAN:selection] trace_id=trace-1774458993549406000-stress-task-254 task_id=stress-task-254 duration_us=0 node_url=http://localhost:8001 region=us-east-1
  > 📊 [SPAN:selection] trace_id=trace-1774458993549437000-stress-task-188 task_id=stress-task-188 duration_us=0 node_url=http://localhost:8001 region=us-east-1
  > 📊 [SPAN:selection] trace_id=trace-1774458993549439000-stress-task-31 task_id=stress-task-31 duration_us=0 node_url=http://localhost:8001 region=us-east-1
  > 📊 [SPAN:selection] trace_id=trace-1774458993549417000-stress-task-193 task_id=stress-task-193 duration_us=0 node_url=http://localhost:8001 region=us-east-1
  > 📊 [SPAN:selection] trace_id=trace-1774458993549441000-stress-task-368 task_id=stress-task-368 duration_us=0 node_url=http://localhost:8001 region=us-east-1
  > 📊 [SPAN:selection] trace_id=trace-1774458993549448000-stress-task-68 task_id=stress-task-68 duration_us=0 node_url=http://localhost:8001 region=us-east-1
  > 📊 [SPAN:selection] trace_id=trace-1774458993549435000-stress-task-348 task_id=stress-task-348 duration_us=0 node_url=http://localhost:8001 region=us-east-1
  > 📊 [SPAN:selection] trace_id=trace-1774458993549451000-stress-task-20 task_id=stress-task-20 duration_us=0 node_url=http://localhost:8001 region=us-east-1
  > 📊 [SPAN:selection] trace_id=trace-1774458993549454000-stress-task-215 task_id=stress-task-215 duration_us=0 node_url=http://localhost:8001 region=us-east-1
  > 📊 [SPAN:selection] trace_id=trace-1774458993549416000-stress-task-359 task_id=stress-task-359 duration_us=0 node_url=http://localhost:8001 region=us-east-1
  > 📊 [SPAN:selection] trace_id=trace-1774458993549415000-stress-task-122 task_id=stress-task-122 duration_us=0 node_url=http://localhost:8001 region=us-east-1
  > 📊 [SPAN:selection] trace_id=trace-1774458993549432000-stress-task-44 task_id=stress-task-44 duration_us=0 node_url=http://localhost:8001 region=us-east-1
  > 📊 [SPAN:selection] trace_id=trace-1774458993549446000-stress-task-345 task_id=stress-task-345 duration_us=0 node_url=http://localhost:8001 region=us-east-1
  > 📊 [SPAN:selection] trace_id=trace-1774458993549435000-stress-task-321 task_id=stress-task-321 duration_us=0 node_url=http://localhost:8001 region=us-east-1
  > 📊 [SPAN:selection] trace_id=trace-1774458993549466000-stress-task-271 task_id=stress-task-271 duration_us=0 node_url=http://localhost:8001 region=us-east-1
  > 📊 [SPAN:selection] trace_id=trace-1774458993549464000-stress-task-314 task_id=stress-task-314 duration_us=0 node_url=http://localhost:8001 region=us-east-1
  > 📊 [SPAN:selection] trace_id=trace-1774458993549449000-stress-task-173 task_id=stress-task-173 duration_us=0 node_url=http://localhost:8001 region=us-east-1
  > 📊 [SPAN:selection] trace_id=trace-1774458993549451000-stress-task-320 task_id=stress-task-320 duration_us=0 node_url=http://localhost:8001 region=us-east-1
  > 📊 [SPAN:selection] trace_id=trace-1774458993549473000-stress-task-346 task_id=stress-task-346 duration_us=0 node_url=http://localhost:8001 region=us-east-1
  > 📊 [SPAN:selection] trace_id=trace-1774458993549453000-stress-task-138 task_id=stress-task-138 duration_us=0 node_url=http://localhost:8001 region=us-east-1
  > 📊 [SPAN:selection] trace_id=trace-1774458993549453000-stress-task-329 task_id=stress-task-329 duration_us=0 node_url=http://localhost:8001 region=us-east-1
  > 📊 [SPAN:selection] trace_id=trace-1774458993549412000-stress-task-48 task_id=stress-task-48 duration_us=0 node_url=http://localhost:8001 region=us-east-1
  > 📊 [SPAN:selection] trace_id=trace-1774458993549440000-stress-task-40 task_id=stress-task-40 duration_us=0 node_url=http://localhost:8001 region=us-east-1
  > 📊 [SPAN:selection] trace_id=trace-1774458993549432000-stress-task-297 task_id=stress-task-297 duration_us=0 node_url=http://localhost:8001 region=us-east-1
  > 📊 [SPAN:selection] trace_id=trace-1774458993549446000-stress-task-65 task_id=stress-task-65 duration_us=0 node_url=http://localhost:8001 region=us-east-1
  > 📊 [SPAN:selection] trace_id=trace-1774458993549422000-stress-task-228 task_id=stress-task-228 duration_us=0 node_url=http://localhost:8001 region=us-east-1
  > 📊 [SPAN:selection] trace_id=trace-1774458993549485000-stress-task-11 task_id=stress-task-11 duration_us=0 node_url=http://localhost:8001 region=us-east-1
  > 📊 [SPAN:selection] trace_id=trace-1774458993549449000-stress-task-366 task_id=stress-task-366 duration_us=0 node_url=http://localhost:8001 region=us-east-1
  > 📊 [SPAN:selection] trace_id=trace-1774458993549488000-stress-task-364 task_id=stress-task-364 duration_us=0 node_url=http://localhost:8001 region=us-east-1
  > 📊 [SPAN:selection] trace_id=trace-1774458993549485000-stress-task-301 task_id=stress-task-301 duration_us=0 node_url=http://localhost:8001 region=us-east-1
  > 📊 [SPAN:selection] trace_id=trace-1774458993549455000-stress-task-389 task_id=stress-task-389 duration_us=0 node_url=http://localhost:8001 region=us-east-1
  > 📊 [SPAN:selection] trace_id=trace-1774458993549496000-stress-task-334 task_id=stress-task-334 duration_us=0 node_url=http://localhost:8001 region=us-east-1
  > 📊 [SPAN:selection] trace_id=trace-1774458993549498000-stress-task-370 task_id=stress-task-370 duration_us=0 node_url=http://localhost:8001 region=us-east-1
  > 📊 [SPAN:selection] trace_id=trace-1774458993549500000-stress-task-397 task_id=stress-task-397 duration_us=0 node_url=http://localhost:8001 region=us-east-1
  > 📊 [SPAN:selection] trace_id=trace-1774458993549501000-stress-task-154 task_id=stress-task-154 duration_us=0 node_url=http://localhost:8001 region=us-east-1
  > 📊 [SPAN:selection] trace_id=trace-1774458993549505000-stress-task-8 task_id=stress-task-8 duration_us=0 node_url=http://localhost:8001 region=us-east-1
  > 📊 [SPAN:selection] trace_id=trace-1774458993549502000-stress-task-54 task_id=stress-task-54 duration_us=0 node_url=http://localhost:8001 region=us-east-1
  > 📊 [SPAN:selection] trace_id=trace-1774458993549510000-stress-task-316 task_id=stress-task-316 duration_us=0 node_url=http://localhost:8001 region=us-east-1
  > 📊 [SPAN:selection] trace_id=trace-1774458993549508000-stress-task-214 task_id=stress-task-214 duration_us=0 node_url=http://localhost:8001 region=us-east-1
  > 📊 [SPAN:selection] trace_id=trace-1774458993549513000-stress-task-62 task_id=stress-task-62 duration_us=0 node_url=http://localhost:8001 region=us-east-1
  > 📊 [SPAN:selection] trace_id=trace-1774458993549510000-stress-task-161 task_id=stress-task-161 duration_us=0 node_url=http://localhost:8001 region=us-east-1
  > 📊 [SPAN:selection] trace_id=trace-1774458993549493000-stress-task-311 task_id=stress-task-311 duration_us=0 node_url=http://localhost:8001 region=us-east-1
  > 📊 [SPAN:selection] trace_id=trace-1774458993549520000-stress-task-349 task_id=stress-task-349 duration_us=0 node_url=http://localhost:8001 region=us-east-1
  > 📊 [SPAN:selection] trace_id=trace-1774458993549523000-stress-task-34 task_id=stress-task-34 duration_us=0 node_url=http://localhost:8001 region=us-east-1
  > 📊 [SPAN:selection] trace_id=trace-1774458993549492000-stress-task-272 task_id=stress-task-272 duration_us=0 node_url=http://localhost:8001 region=us-east-1
  > 📊 [SPAN:selection] trace_id=trace-1774458993549521000-stress-task-18 task_id=stress-task-18 duration_us=0 node_url=http://localhost:8001 region=us-east-1
  > 📊 [SPAN:selection] trace_id=trace-1774458993549524000-stress-task-330 task_id=stress-task-330 duration_us=0 node_url=http://localhost:8001 region=us-east-1
  > 📊 [SPAN:selection] trace_id=trace-1774458993549526000-stress-task-263 task_id=stress-task-263 duration_us=0 node_url=http://localhost:8001 region=us-east-1
  > 📊 [SPAN:selection] trace_id=trace-1774458993549533000-stress-task-369 task_id=stress-task-369 duration_us=0 node_url=http://localhost:8001 region=us-east-1
  > 📊 [SPAN:selection] trace_id=trace-1774458993549528000-stress-task-136 task_id=stress-task-136 duration_us=0 node_url=http://localhost:8001 region=us-east-1
  > 📊 [SPAN:selection] trace_id=trace-1774458993549535000-stress-task-372 task_id=stress-task-372 duration_us=0 node_url=http://localhost:8001 region=us-east-1
  > 📊 [SPAN:selection] trace_id=trace-1774458993549537000-stress-task-144 task_id=stress-task-144 duration_us=0 node_url=http://localhost:8001 region=us-east-1
  > 📊 [SPAN:selection] trace_id=trace-1774458993549530000-stress-task-113 task_id=stress-task-113 duration_us=0 node_url=http://localhost:8001 region=us-east-1
  > 📊 [SPAN:selection] trace_id=trace-1774458993549541000-stress-task-134 task_id=stress-task-134 duration_us=0 node_url=http://localhost:8001 region=us-east-1
  > 📊 [SPAN:selection] trace_id=trace-1774458993549538000-stress-task-131 task_id=stress-task-131 duration_us=0 node_url=http://localhost:8001 region=us-east-1
  > 📊 [SPAN:selection] trace_id=trace-1774458993549542000-stress-task-39 task_id=stress-task-39 duration_us=0 node_url=http://localhost:8001 region=us-east-1
  > 📊 [SPAN:selection] trace_id=trace-1774458993549532000-stress-task-351 task_id=stress-task-351 duration_us=0 node_url=http://localhost:8001 region=us-east-1
  > 📊 [SPAN:selection] trace_id=trace-1774458993549546000-stress-task-171 task_id=stress-task-171 duration_us=0 node_url=http://localhost:8001 region=us-east-1
  > 📊 [SPAN:selection] trace_id=trace-1774458993549551000-stress-task-22 task_id=stress-task-22 duration_us=0 node_url=http://localhost:8001 region=us-east-1
  > 📊 [SPAN:selection] trace_id=trace-1774458993549554000-stress-task-61 task_id=stress-task-61 duration_us=0 node_url=http://localhost:8001 region=us-east-1
  > 📊 [SPAN:selection] trace_id=trace-1774458993549556000-stress-task-76 task_id=stress-task-76 duration_us=0 node_url=http://localhost:8001 region=us-east-1
  > 📊 [SPAN:selection] trace_id=trace-1774458993549555000-stress-task-82 task_id=stress-task-82 duration_us=0 node_url=http://localhost:8001 region=us-east-1
  > 📊 [SPAN:selection] trace_id=trace-1774458993549553000-stress-task-362 task_id=stress-task-362 duration_us=0 node_url=http://localhost:8001 region=us-east-1
  > 📊 [SPAN:selection] trace_id=trace-1774458993549562000-stress-task-201 task_id=stress-task-201 duration_us=0 node_url=http://localhost:8001 region=us-east-1
  > 📊 [SPAN:selection] trace_id=trace-1774458993549558000-stress-task-96 task_id=stress-task-96 duration_us=0 node_url=http://localhost:8001 region=us-east-1
  > 📊 [SPAN:selection] trace_id=trace-1774458993549582000-stress-task-390 task_id=stress-task-390 duration_us=0 node_url=http://localhost:8001 region=us-east-1
  > 📊 [SPAN:selection] trace_id=trace-1774458993549593000-stress-task-170 task_id=stress-task-170 duration_us=2 node_url=http://localhost:8001 region=us-east-1
  > 📊 [SPAN:selection] trace_id=trace-1774458993549610000-stress-task-305 task_id=stress-task-305 duration_us=0 node_url=http://localhost:8001 region=us-east-1
  > 📊 [SPAN:selection] trace_id=trace-1774458993549617000-stress-task-251 task_id=stress-task-251 duration_us=0 node_url=http://localhost:8001 region=us-east-1
  > 📊 [SPAN:selection] trace_id=trace-1774458993549624000-stress-task-94 task_id=stress-task-94 duration_us=0 node_url=http://localhost:8001 region=us-east-1
  > 📊 [SPAN:selection] trace_id=trace-1774458993549629000-stress-task-190 task_id=stress-task-190 duration_us=0 node_url=http://localhost:8001 region=us-east-1
  > 📊 [SPAN:selection] trace_id=trace-1774458993549637000-stress-task-51 task_id=stress-task-51 duration_us=0 node_url=http://localhost:8001 region=us-east-1
  > 📊 [SPAN:network] trace_id=trace-1774458993548963000-stress-task-377 task_id=stress-task-377 duration_ms=5 from=us-east-1 to=us-east-1
  > 📊 [SPAN:network] trace_id=trace-1774458993549311000-stress-task-328 task_id=stress-task-328 duration_ms=5 from=us-east-1 to=us-east-1
  > 📊 [SPAN:network] trace_id=trace-1774458993549322000-stress-task-277 task_id=stress-task-277 duration_ms=5 from=us-east-1 to=us-east-1
  > 📊 [SPAN:network] trace_id=trace-1774458993549308000-stress-task-100 task_id=stress-task-100 duration_ms=5 from=us-east-1 to=us-east-1
  > 📊 [SPAN:network] trace_id=trace-1774458993548742000-stress-task-141 task_id=stress-task-141 duration_ms=5 from=us-east-1 to=us-east-1
  > 📊 [SPAN:network] trace_id=trace-1774458993549403000-stress-task-19 task_id=stress-task-19 duration_ms=5 from=us-east-1 to=us-east-1
  > 📊 [SPAN:network] trace_id=trace-1774458993548771000-stress-task-14 task_id=stress-task-14 duration_ms=5 from=us-east-1 to=us-east-1
  > 📊 [SPAN:network] trace_id=trace-1774458993548781000-stress-task-398 task_id=stress-task-398 duration_ms=5 from=us-east-1 to=us-east-1
  > 📊 [SPAN:network] trace_id=trace-1774458993548782000-stress-task-191 task_id=stress-task-191 duration_ms=5 from=us-east-1 to=us-east-1
  > 📊 [SPAN:network] trace_id=trace-1774458993549451000-stress-task-20 task_id=stress-task-20 duration_ms=5 from=us-east-1 to=us-east-1
  > 📊 [SPAN:network] trace_id=trace-1774458993548774000-stress-task-28 task_id=stress-task-28 duration_ms=5 from=us-east-1 to=us-east-1
  > 📊 [SPAN:network] trace_id=trace-1774458993548795000-stress-task-224 task_id=stress-task-224 duration_ms=5 from=us-east-1 to=us-east-1
  > 📊 [SPAN:network] trace_id=trace-1774458993548803000-stress-task-243 task_id=stress-task-243 duration_ms=5 from=us-east-1 to=us-east-1
🛑 Shutting down all Nexus nodes...
✅ All nodes stopped.
