✅ Protocol check PASSED
✅ [WIKI-SYNC] Code and Wiki changes are synchronized.
{
  "ok": true,
  "checks": {
    "linter_ok": true,
    "ci_gate_ok": true,
    "tests_ok": true,
    "commit_ok": true,
    "files_ok": true
  },
  "details": {
    "contract_id": "nexus-governance-restoration",
    "commit_sha": "e909c28b66590d9e377f629e305aa807a895b250",
    "changed_files": [
      "scripts/engine/nexus_cli.py",
      "scripts/ops/nexus_acceptance_check.py",
      "nexus_wiki_vault/06_Ops/Ops - Governance Changelog.md"
    ],
    "linter_exit_code": 0,
    "ci_gate_exit_code": 0,
    "required_tests_passed": true,
    "min_hits": 1
  }
}
🛡️ [Nexus CI Gate] Dry-run status check...

🚀 [CI-Gate] Running Physical Integrity Check...
✅ Physical Integrity Check PASSED (All Life-Signs detected).
- venv_python: OK
- contracts_dir: OK
- benchmark_script: OK

🚀 [CI-Gate] Running Agent Protocol Check (Dry-run)...
✅ Agent Protocol Check PASSED

🚀 [CI-Gate] Running Lesson Writeback Check (Dry-run)...
✅ Lesson Writeback Check PASSED

🚀 [CI-Gate] Running Wiki Sync Check (Dry-run)...
✅ Wiki Sync Check PASSED
- protocol_check: OK
- lesson_check: OK
- wiki_sync: OK

📊 [Phase 6] Summary Audit (Dry-Run):
📊 [Wiki-Sync] Status: OK
📊 [Wiki-Drift] P0=0, P1=0
📊 [Wiki-Capability] Weighted Score: 69.17%
📊 [Wiki-Eval] Pass Rate: 20.00%
📊 [Wiki-Writeback] Status: ready, Recent Count: 0

🚀 [CI-Gate] Running Closeout Contract Check (Dry-run)...
✅ Closeout Contract Check PASSED
