🚀 Running Test 1: Multi-tenant Isolation...
🚀 Running Test 2: Hallucination Rate (<1%)...
🚀 Running Test 3: Concurrency (50cc)...
🚀 Running Test 4: RBAC & SOC2 Audit...
🚀 Running Test 5: ERP/CRM Integration POC...

✅ Audit Complete. Report saved to .nexus/reports/enterprise_audit.json
{
  "commit_sha": "d11aaff8d8cd10234dbfec74e2d5a6a012796cce",
  "timestamp": 1775704074.170055,
  "nexus_participation_ratio": 0.85,
  "results": [
    {
      "name": "Isolation",
      "status": "PASS",
      "leakage": 0.0
    },
    {
      "name": "Hallucination",
      "status": "PASS",
      "rate": 0.0
    },
    {
      "name": "Concurrency",
      "status": "PASS",
      "p95_latency": 4.097322508496854,
      "recall": 0.98
    },
    {
      "name": "Security",
      "status": "PASS",
      "audit_trail": "PRESENT"
    },
    {
      "name": "Integration",
      "status": "PASS",
      "latency": 2.3
    }
  ],
  "gate_summary": {
    "acceptance_check": "PASS",
    "contract_check": "PASS",
    "ci_gate_full_dry_run": "PASS"
  }
}
