{"phase": "evaluate", "pid": 70147, "source": "c1fd9e7090baa425a8db7a1b658ed3e54dd3b2ca", "case": "conflicting_identity", "service_module": "/Users/jameschen/Workspace/Nexus-new-worktrees/issue842-acceptance-fixture/nexus/orchestrator/self_hosted_task_service.py", "read_only": true, "before_hashes": {"state/.state.lock": "e3b0c44298fc1c149afbf4c8996fb92427ae41e4649b934ca495991b7852b855", "state/pe2-fixture-task.json": "849e1a5439be13293f3c525d0ed124656a711e1eb7b2c7c49efcc55e2f070528", "authority/standing-grants/8d5697cecb8ebb2c55ae742f8eadb1556d4cf1c93ff2bb0740bc39ae57e6e567/8d5697cecb8ebb2c55ae742f8eadb1556d4cf1c93ff2bb0740bc39ae57e6e567.json": "11331e19e56936607f89ca309e0924b8bacf93346bf904b00348d1b081bf6723", "authority/standing-grants/8d5697cecb8ebb2c55ae742f8eadb1556d4cf1c93ff2bb0740bc39ae57e6e567/.standing-grant.lock": "e3b0c44298fc1c149afbf4c8996fb92427ae41e4649b934ca495991b7852b855", "state/.nexus/events/event_log.lock": "e3b0c44298fc1c149afbf4c8996fb92427ae41e4649b934ca495991b7852b855", "state/.nexus/events/event_log.jsonl": "be7ff92a40b5a3fce6e2b92ef7e3df46074e2730cc2c682f7665be21f232b1d2"}, "after_hashes": {"state/.state.lock": "e3b0c44298fc1c149afbf4c8996fb92427ae41e4649b934ca495991b7852b855", "state/pe2-fixture-task.json": "849e1a5439be13293f3c525d0ed124656a711e1eb7b2c7c49efcc55e2f070528", "authority/standing-grants/8d5697cecb8ebb2c55ae742f8eadb1556d4cf1c93ff2bb0740bc39ae57e6e567/8d5697cecb8ebb2c55ae742f8eadb1556d4cf1c93ff2bb0740bc39ae57e6e567.json": "11331e19e56936607f89ca309e0924b8bacf93346bf904b00348d1b081bf6723", "authority/standing-grants/8d5697cecb8ebb2c55ae742f8eadb1556d4cf1c93ff2bb0740bc39ae57e6e567/.standing-grant.lock": "e3b0c44298fc1c149afbf4c8996fb92427ae41e4649b934ca495991b7852b855", "state/.nexus/events/event_log.lock": "e3b0c44298fc1c149afbf4c8996fb92427ae41e4649b934ca495991b7852b855", "state/.nexus/events/event_log.jsonl": "be7ff92a40b5a3fce6e2b92ef7e3df46074e2730cc2c682f7665be21f232b1d2"}, "result": {"schema": "nexus.project_entry.v1", "status": "BLOCKED", "repository": "James3014/Nexus-new", "issue_number": 842, "task_resolution": {"status": "INVALID_CONTINUATION", "task_id": "pe2-fixture-task"}, "blocker": {"code": "PROJECT_ENTRY_CONTINUATION_INVALID", "detail": "diagnostic_class=PROJECT_ENTRY_CONTINUATION_INVALID; diagnostic_sha256=76fb0dc87f25b89adcd879685006a59cb675606ef2a8e01cbd9aa98a3c5734af"}, "claim_ceiling": "PROJECT_ENTRY_OBSERVE_ONLY_NO_DOWNSTREAM_EFFECTS", "claim_ceiling_excludes": ["execution", "verification", "acceptance", "merge", "release", "production"], "project_binding_hash": "fc773fcf7ee620cb7e8de33aaba401630351931e34e708a404f670761a7c8a6b"}, "service_ephemeral": false, "claim_ceiling": "ISOLATED_PERSISTED_COMPOSITION_NO_NATIVE_TASK_RESUME"}
/Users/jameschen/Workspace/Nexus-new-worktrees/issue842-acceptance-fixture/nexus/contracts/autonomy_goal.py:113: UserWarning: Field name "schema" in "StandingGrantContext" shadows an attribute in parent "_FrozenModel"
  class StandingGrantContext(_FrozenModel):
/Users/jameschen/Workspace/Nexus-new-worktrees/issue842-acceptance-fixture/nexus/contracts/autonomy_goal.py:267: UserWarning: Field name "schema" in "AutonomyGoalGrantSpec" shadows an attribute in parent "_FrozenModel"
  class AutonomyGoalGrantSpec(_FrozenModel):
/Users/jameschen/Workspace/Nexus-new-worktrees/issue842-acceptance-fixture/nexus/contracts/collaboration_realm.py:101: UserWarning: Field name "schema" in "CollaborationExecutionRealmSpec" shadows an attribute in parent "_FrozenModel"
  class CollaborationExecutionRealmSpec(_FrozenModel):
/Users/jameschen/Workspace/Nexus-new-worktrees/issue842-acceptance-fixture/nexus/contracts/lifecycle_action.py:319: UserWarning: Field name "schema" in "LifecycleActionEnvelope" shadows an attribute in parent "BaseModel"
  class LifecycleActionEnvelope(BaseModel):
/Users/jameschen/Workspace/Nexus-new-worktrees/issue842-acceptance-fixture/nexus/contracts/lifecycle_action.py:406: UserWarning: Field name "schema" in "ExternalCandidateAdoptionRequest" shadows an attribute in parent "BaseModel"
  class ExternalCandidateAdoptionRequest(BaseModel):
/Users/jameschen/Workspace/Nexus-new-worktrees/issue842-acceptance-fixture/nexus/contracts/operator_outcome_receipt.py:86: UserWarning: Field name "schema" in "OperatorOutcomeReceipt" shadows an attribute in parent "BaseModel"
  class OperatorOutcomeReceipt(BaseModel):
/Users/jameschen/Workspace/Nexus-new-worktrees/issue842-acceptance-fixture/nexus/orchestrator/autonomy_policy.py:115: UserWarning: Field name "schema" in "StandingGrantRequest" shadows an attribute in parent "_FrozenModel"
  class StandingGrantRequest(_FrozenModel):
/Users/jameschen/Workspace/Nexus-new-worktrees/issue842-acceptance-fixture/nexus/orchestrator/autonomy_policy.py:137: UserWarning: Field name "schema" in "StandingGrantDecision" shadows an attribute in parent "_FrozenModel"
  class StandingGrantDecision(_FrozenModel):
/Users/jameschen/Workspace/Nexus-new-worktrees/issue842-acceptance-fixture/nexus/orchestrator/autonomy_policy.py:396: UserWarning: Field name "schema" in "AutonomySubmissionBindingSpec" shadows an attribute in parent "_FrozenModel"
  class AutonomySubmissionBindingSpec(_FrozenModel):
/Users/jameschen/Workspace/Nexus-new-worktrees/issue842-acceptance-fixture/nexus/orchestrator/autonomy_policy.py:457: UserWarning: Field name "schema" in "AutonomyEvaluationInput" shadows an attribute in parent "_FrozenModel"
  class AutonomyEvaluationInput(_FrozenModel):
/Users/jameschen/Workspace/Nexus-new-worktrees/issue842-acceptance-fixture/nexus/orchestrator/autonomy_policy.py:507: UserWarning: Field name "schema" in "AutonomyDecision" shadows an attribute in parent "_FrozenModel"
  class AutonomyDecision(_FrozenModel):
/Users/jameschen/Workspace/Nexus-new-worktrees/issue842-acceptance-fixture/nexus/orchestrator/standing_grant_store.py:67: UserWarning: Field name "schema" in "StandingGrantReceipt" shadows an attribute in parent "_FrozenModel"
  class StandingGrantReceipt(_FrozenModel):
