{"phase": "evaluate", "pid": 68264, "source": "c1fd9e7090baa425a8db7a1b658ed3e54dd3b2ca", "case": "rehashed_tamper", "service_module": "/Users/jameschen/Workspace/Nexus-new-worktrees/issue842-acceptance-fixture/nexus/orchestrator/self_hosted_task_service.py", "read_only": true, "before_hashes": {"state/.state.lock": "e3b0c44298fc1c149afbf4c8996fb92427ae41e4649b934ca495991b7852b855", "state/pe2-fixture-task.json": "52a3e0ed68473533df372603fdb9b5ad94113b017f463db736d7d4da0d8ebfc3", "authority/standing-grants/42261ee4b57c8cf2e424d64f17973e071d3729f30a7319d73ae778736b121133/42261ee4b57c8cf2e424d64f17973e071d3729f30a7319d73ae778736b121133.json": "9e05bbb8e62e8c9654d8b15638eb4785ce2ab859f7e7c9a261a2781ca80a5443", "authority/standing-grants/42261ee4b57c8cf2e424d64f17973e071d3729f30a7319d73ae778736b121133/.standing-grant.lock": "e3b0c44298fc1c149afbf4c8996fb92427ae41e4649b934ca495991b7852b855", "state/.nexus/events/event_log.lock": "e3b0c44298fc1c149afbf4c8996fb92427ae41e4649b934ca495991b7852b855", "state/.nexus/events/event_log.jsonl": "fee2620e99a14455e940d51089d754f06f5b89b2958b8fed0c1d0d438e3b19eb"}, "after_hashes": {"state/.state.lock": "e3b0c44298fc1c149afbf4c8996fb92427ae41e4649b934ca495991b7852b855", "state/pe2-fixture-task.json": "52a3e0ed68473533df372603fdb9b5ad94113b017f463db736d7d4da0d8ebfc3", "authority/standing-grants/42261ee4b57c8cf2e424d64f17973e071d3729f30a7319d73ae778736b121133/42261ee4b57c8cf2e424d64f17973e071d3729f30a7319d73ae778736b121133.json": "9e05bbb8e62e8c9654d8b15638eb4785ce2ab859f7e7c9a261a2781ca80a5443", "authority/standing-grants/42261ee4b57c8cf2e424d64f17973e071d3729f30a7319d73ae778736b121133/.standing-grant.lock": "e3b0c44298fc1c149afbf4c8996fb92427ae41e4649b934ca495991b7852b855", "state/.nexus/events/event_log.lock": "e3b0c44298fc1c149afbf4c8996fb92427ae41e4649b934ca495991b7852b855", "state/.nexus/events/event_log.jsonl": "fee2620e99a14455e940d51089d754f06f5b89b2958b8fed0c1d0d438e3b19eb"}, "result": {"schema": "nexus.project_entry.v1", "status": "BLOCKED", "repository": "James3014/Nexus-new", "issue_number": 842, "task_resolution": {"status": "INVALID_CONTINUATION", "task_id": "pe2-fixture-task"}, "blocker": {"code": "PROJECT_ENTRY_CONTINUATION_INVALID", "detail": "diagnostic_class=PROJECT_ENTRY_CONTINUATION_INVALID; diagnostic_sha256=a1f1aa1c8a64227b68148f2aa9eb6ad3dcc7e609fa6953ab084c83cfc13a3601"}, "claim_ceiling": "PROJECT_ENTRY_OBSERVE_ONLY_NO_DOWNSTREAM_EFFECTS", "claim_ceiling_excludes": ["execution", "verification", "acceptance", "merge", "release", "production"], "project_binding_hash": "7ec568ed07d1e1f328bee173e9f54cc3c5d38eb7475da09440d96cf1bc0f0e91"}, "service_ephemeral": false, "claim_ceiling": "ISOLATED_PERSISTED_COMPOSITION_NO_NATIVE_TASK_RESUME"}
/Users/jameschen/Workspace/Nexus-new-worktrees/issue842-acceptance-fixture/nexus/contracts/autonomy_goal.py:113: UserWarning: Field name "schema" in "StandingGrantContext" shadows an attribute in parent "_FrozenModel"
  class StandingGrantContext(_FrozenModel):
/Users/jameschen/Workspace/Nexus-new-worktrees/issue842-acceptance-fixture/nexus/contracts/autonomy_goal.py:267: UserWarning: Field name "schema" in "AutonomyGoalGrantSpec" shadows an attribute in parent "_FrozenModel"
  class AutonomyGoalGrantSpec(_FrozenModel):
/Users/jameschen/Workspace/Nexus-new-worktrees/issue842-acceptance-fixture/nexus/contracts/collaboration_realm.py:101: UserWarning: Field name "schema" in "CollaborationExecutionRealmSpec" shadows an attribute in parent "_FrozenModel"
  class CollaborationExecutionRealmSpec(_FrozenModel):
/Users/jameschen/Workspace/Nexus-new-worktrees/issue842-acceptance-fixture/nexus/contracts/lifecycle_action.py:319: UserWarning: Field name "schema" in "LifecycleActionEnvelope" shadows an attribute in parent "BaseModel"
  class LifecycleActionEnvelope(BaseModel):
/Users/jameschen/Workspace/Nexus-new-worktrees/issue842-acceptance-fixture/nexus/contracts/lifecycle_action.py:406: UserWarning: Field name "schema" in "ExternalCandidateAdoptionRequest" shadows an attribute in parent "BaseModel"
  class ExternalCandidateAdoptionRequest(BaseModel):
/Users/jameschen/Workspace/Nexus-new-worktrees/issue842-acceptance-fixture/nexus/contracts/operator_outcome_receipt.py:86: UserWarning: Field name "schema" in "OperatorOutcomeReceipt" shadows an attribute in parent "BaseModel"
  class OperatorOutcomeReceipt(BaseModel):
/Users/jameschen/Workspace/Nexus-new-worktrees/issue842-acceptance-fixture/nexus/orchestrator/autonomy_policy.py:115: UserWarning: Field name "schema" in "StandingGrantRequest" shadows an attribute in parent "_FrozenModel"
  class StandingGrantRequest(_FrozenModel):
/Users/jameschen/Workspace/Nexus-new-worktrees/issue842-acceptance-fixture/nexus/orchestrator/autonomy_policy.py:137: UserWarning: Field name "schema" in "StandingGrantDecision" shadows an attribute in parent "_FrozenModel"
  class StandingGrantDecision(_FrozenModel):
/Users/jameschen/Workspace/Nexus-new-worktrees/issue842-acceptance-fixture/nexus/orchestrator/autonomy_policy.py:396: UserWarning: Field name "schema" in "AutonomySubmissionBindingSpec" shadows an attribute in parent "_FrozenModel"
  class AutonomySubmissionBindingSpec(_FrozenModel):
/Users/jameschen/Workspace/Nexus-new-worktrees/issue842-acceptance-fixture/nexus/orchestrator/autonomy_policy.py:457: UserWarning: Field name "schema" in "AutonomyEvaluationInput" shadows an attribute in parent "_FrozenModel"
  class AutonomyEvaluationInput(_FrozenModel):
/Users/jameschen/Workspace/Nexus-new-worktrees/issue842-acceptance-fixture/nexus/orchestrator/autonomy_policy.py:507: UserWarning: Field name "schema" in "AutonomyDecision" shadows an attribute in parent "_FrozenModel"
  class AutonomyDecision(_FrozenModel):
/Users/jameschen/Workspace/Nexus-new-worktrees/issue842-acceptance-fixture/nexus/orchestrator/standing_grant_store.py:67: UserWarning: Field name "schema" in "StandingGrantReceipt" shadows an attribute in parent "_FrozenModel"
  class StandingGrantReceipt(_FrozenModel):
