{"phase": "evaluate", "pid": 80779, "source": "e28e7b141410cc3dc1cae7d60a5adbee04749af9", "case": "rehashed_tamper", "service_module": "/Users/jameschen/Workspace/Nexus-new-worktrees/issue842-acceptance-fixture/nexus/orchestrator/self_hosted_task_service.py", "read_only": true, "before_hashes": {"state/.state.lock": "e3b0c44298fc1c149afbf4c8996fb92427ae41e4649b934ca495991b7852b855", "state/pe2-fixture-task.json": "e2f4583787c9ad47e5ff1523bd103bb179fe5afbad99b980f3bf6fd7070e091d", "authority/standing-grants/42261ee4b57c8cf2e424d64f17973e071d3729f30a7319d73ae778736b121133/42261ee4b57c8cf2e424d64f17973e071d3729f30a7319d73ae778736b121133.json": "b5a6a2f880f08cd9100bfed56ec6e1d1b4a0f8c6742d76b842f53391a5c2ab8f", "authority/standing-grants/42261ee4b57c8cf2e424d64f17973e071d3729f30a7319d73ae778736b121133/.standing-grant.lock": "e3b0c44298fc1c149afbf4c8996fb92427ae41e4649b934ca495991b7852b855", "state/.nexus/events/event_log.lock": "e3b0c44298fc1c149afbf4c8996fb92427ae41e4649b934ca495991b7852b855", "state/.nexus/events/event_log.jsonl": "239c1fd61a192ff8538021a4a9f3e7c6a80875df94c3383a3586029037d6f746"}, "after_hashes": {"state/.state.lock": "e3b0c44298fc1c149afbf4c8996fb92427ae41e4649b934ca495991b7852b855", "state/pe2-fixture-task.json": "e2f4583787c9ad47e5ff1523bd103bb179fe5afbad99b980f3bf6fd7070e091d", "authority/standing-grants/42261ee4b57c8cf2e424d64f17973e071d3729f30a7319d73ae778736b121133/42261ee4b57c8cf2e424d64f17973e071d3729f30a7319d73ae778736b121133.json": "b5a6a2f880f08cd9100bfed56ec6e1d1b4a0f8c6742d76b842f53391a5c2ab8f", "authority/standing-grants/42261ee4b57c8cf2e424d64f17973e071d3729f30a7319d73ae778736b121133/.standing-grant.lock": "e3b0c44298fc1c149afbf4c8996fb92427ae41e4649b934ca495991b7852b855", "state/.nexus/events/event_log.lock": "e3b0c44298fc1c149afbf4c8996fb92427ae41e4649b934ca495991b7852b855", "state/.nexus/events/event_log.jsonl": "239c1fd61a192ff8538021a4a9f3e7c6a80875df94c3383a3586029037d6f746"}, "result": {"schema": "nexus.project_entry.v1", "status": "BLOCKED", "repository": "James3014/Nexus-new", "issue_number": 842, "task_resolution": {"status": "INVALID_CONTINUATION", "task_id": "pe2-fixture-task"}, "blocker": {"code": "PROJECT_ENTRY_CONTINUATION_INVALID", "detail": "diagnostic_class=PROJECT_ENTRY_CONTINUATION_INVALID; diagnostic_sha256=a1f1aa1c8a64227b68148f2aa9eb6ad3dcc7e609fa6953ab084c83cfc13a3601"}, "claim_ceiling": "PROJECT_ENTRY_OBSERVE_ONLY_NO_DOWNSTREAM_EFFECTS", "claim_ceiling_excludes": ["execution", "verification", "acceptance", "merge", "release", "production"], "project_binding_hash": "7ec568ed07d1e1f328bee173e9f54cc3c5d38eb7475da09440d96cf1bc0f0e91"}, "service_ephemeral": false, "claim_ceiling": "ISOLATED_PERSISTED_COMPOSITION_NO_NATIVE_TASK_RESUME"}
/Users/jameschen/Workspace/Nexus-new-worktrees/issue842-acceptance-fixture/nexus/contracts/autonomy_goal.py:113: UserWarning: Field name "schema" in "StandingGrantContext" shadows an attribute in parent "_FrozenModel"
  class StandingGrantContext(_FrozenModel):
/Users/jameschen/Workspace/Nexus-new-worktrees/issue842-acceptance-fixture/nexus/contracts/autonomy_goal.py:267: UserWarning: Field name "schema" in "AutonomyGoalGrantSpec" shadows an attribute in parent "_FrozenModel"
  class AutonomyGoalGrantSpec(_FrozenModel):
/Users/jameschen/Workspace/Nexus-new-worktrees/issue842-acceptance-fixture/nexus/contracts/collaboration_realm.py:101: UserWarning: Field name "schema" in "CollaborationExecutionRealmSpec" shadows an attribute in parent "_FrozenModel"
  class CollaborationExecutionRealmSpec(_FrozenModel):
/Users/jameschen/Workspace/Nexus-new-worktrees/issue842-acceptance-fixture/nexus/contracts/lifecycle_action.py:319: UserWarning: Field name "schema" in "LifecycleActionEnvelope" shadows an attribute in parent "BaseModel"
  class LifecycleActionEnvelope(BaseModel):
/Users/jameschen/Workspace/Nexus-new-worktrees/issue842-acceptance-fixture/nexus/contracts/lifecycle_action.py:406: UserWarning: Field name "schema" in "ExternalCandidateAdoptionRequest" shadows an attribute in parent "BaseModel"
  class ExternalCandidateAdoptionRequest(BaseModel):
/Users/jameschen/Workspace/Nexus-new-worktrees/issue842-acceptance-fixture/nexus/contracts/operator_outcome_receipt.py:86: UserWarning: Field name "schema" in "OperatorOutcomeReceipt" shadows an attribute in parent "BaseModel"
  class OperatorOutcomeReceipt(BaseModel):
/Users/jameschen/Workspace/Nexus-new-worktrees/issue842-acceptance-fixture/nexus/orchestrator/autonomy_policy.py:115: UserWarning: Field name "schema" in "StandingGrantRequest" shadows an attribute in parent "_FrozenModel"
  class StandingGrantRequest(_FrozenModel):
/Users/jameschen/Workspace/Nexus-new-worktrees/issue842-acceptance-fixture/nexus/orchestrator/autonomy_policy.py:137: UserWarning: Field name "schema" in "StandingGrantDecision" shadows an attribute in parent "_FrozenModel"
  class StandingGrantDecision(_FrozenModel):
/Users/jameschen/Workspace/Nexus-new-worktrees/issue842-acceptance-fixture/nexus/orchestrator/autonomy_policy.py:396: UserWarning: Field name "schema" in "AutonomySubmissionBindingSpec" shadows an attribute in parent "_FrozenModel"
  class AutonomySubmissionBindingSpec(_FrozenModel):
/Users/jameschen/Workspace/Nexus-new-worktrees/issue842-acceptance-fixture/nexus/orchestrator/autonomy_policy.py:457: UserWarning: Field name "schema" in "AutonomyEvaluationInput" shadows an attribute in parent "_FrozenModel"
  class AutonomyEvaluationInput(_FrozenModel):
/Users/jameschen/Workspace/Nexus-new-worktrees/issue842-acceptance-fixture/nexus/orchestrator/autonomy_policy.py:507: UserWarning: Field name "schema" in "AutonomyDecision" shadows an attribute in parent "_FrozenModel"
  class AutonomyDecision(_FrozenModel):
/Users/jameschen/Workspace/Nexus-new-worktrees/issue842-acceptance-fixture/nexus/orchestrator/standing_grant_store.py:67: UserWarning: Field name "schema" in "StandingGrantReceipt" shadows an attribute in parent "_FrozenModel"
  class StandingGrantReceipt(_FrozenModel):
