{"phase": "evaluate", "pid": 71902, "source": "e28e7b141410cc3dc1cae7d60a5adbee04749af9", "case": "envelope_outer_tamper", "service_module": "/Users/jameschen/Workspace/Nexus-new-worktrees/issue842-acceptance-fixture/nexus/orchestrator/self_hosted_task_service.py", "read_only": true, "before_hashes": {"state/.state.lock": "e3b0c44298fc1c149afbf4c8996fb92427ae41e4649b934ca495991b7852b855", "state/pe2-fixture-task.json": "4124fb121512bcf75b8c20b5fb0954038c314aa3b648de0eada9fe924a14f9ac", "authority/standing-grants/42261ee4b57c8cf2e424d64f17973e071d3729f30a7319d73ae778736b121133/42261ee4b57c8cf2e424d64f17973e071d3729f30a7319d73ae778736b121133.json": "356a2e50f1950946da3f41e038863d14603471215ac99e0ffdb10880525e8835", "authority/standing-grants/42261ee4b57c8cf2e424d64f17973e071d3729f30a7319d73ae778736b121133/.standing-grant.lock": "e3b0c44298fc1c149afbf4c8996fb92427ae41e4649b934ca495991b7852b855", "state/.nexus/events/event_log.lock": "e3b0c44298fc1c149afbf4c8996fb92427ae41e4649b934ca495991b7852b855", "state/.nexus/events/event_log.jsonl": "897ebe1c44823b7774617d014043dcf369512579c39dd0f5dd857c2c624ed3d5"}, "after_hashes": {"state/.state.lock": "e3b0c44298fc1c149afbf4c8996fb92427ae41e4649b934ca495991b7852b855", "state/pe2-fixture-task.json": "4124fb121512bcf75b8c20b5fb0954038c314aa3b648de0eada9fe924a14f9ac", "authority/standing-grants/42261ee4b57c8cf2e424d64f17973e071d3729f30a7319d73ae778736b121133/42261ee4b57c8cf2e424d64f17973e071d3729f30a7319d73ae778736b121133.json": "356a2e50f1950946da3f41e038863d14603471215ac99e0ffdb10880525e8835", "authority/standing-grants/42261ee4b57c8cf2e424d64f17973e071d3729f30a7319d73ae778736b121133/.standing-grant.lock": "e3b0c44298fc1c149afbf4c8996fb92427ae41e4649b934ca495991b7852b855", "state/.nexus/events/event_log.lock": "e3b0c44298fc1c149afbf4c8996fb92427ae41e4649b934ca495991b7852b855", "state/.nexus/events/event_log.jsonl": "897ebe1c44823b7774617d014043dcf369512579c39dd0f5dd857c2c624ed3d5"}, "result": {"schema": "nexus.project_entry.v1", "status": "BLOCKED", "repository": "James3014/Nexus-new", "issue_number": 842, "task_resolution": {"status": "INVALID_CONTINUATION", "task_id": "pe2-fixture-task"}, "blocker": {"code": "PROJECT_ENTRY_CONTINUATION_INVALID", "detail": "diagnostic_class=PROJECT_ENTRY_CONTINUATION_INVALID; diagnostic_sha256=f6bedb24092e8ad648c9f8da9687b7014dfd9d3d9ee40435dd23fc1e44003aa1"}, "claim_ceiling": "PROJECT_ENTRY_OBSERVE_ONLY_NO_DOWNSTREAM_EFFECTS", "claim_ceiling_excludes": ["execution", "verification", "acceptance", "merge", "release", "production"], "project_binding_hash": "82fb33bbcbc33a32793534853e1386398d47fdd39eb6aa444f96501ae5c017f1"}, "service_ephemeral": false, "claim_ceiling": "ISOLATED_PERSISTED_COMPOSITION_NO_NATIVE_TASK_RESUME"}
/Users/jameschen/Workspace/Nexus-new-worktrees/issue842-acceptance-fixture/nexus/contracts/autonomy_goal.py:113: UserWarning: Field name "schema" in "StandingGrantContext" shadows an attribute in parent "_FrozenModel"
  class StandingGrantContext(_FrozenModel):
/Users/jameschen/Workspace/Nexus-new-worktrees/issue842-acceptance-fixture/nexus/contracts/autonomy_goal.py:267: UserWarning: Field name "schema" in "AutonomyGoalGrantSpec" shadows an attribute in parent "_FrozenModel"
  class AutonomyGoalGrantSpec(_FrozenModel):
/Users/jameschen/Workspace/Nexus-new-worktrees/issue842-acceptance-fixture/nexus/contracts/collaboration_realm.py:101: UserWarning: Field name "schema" in "CollaborationExecutionRealmSpec" shadows an attribute in parent "_FrozenModel"
  class CollaborationExecutionRealmSpec(_FrozenModel):
/Users/jameschen/Workspace/Nexus-new-worktrees/issue842-acceptance-fixture/nexus/contracts/lifecycle_action.py:319: UserWarning: Field name "schema" in "LifecycleActionEnvelope" shadows an attribute in parent "BaseModel"
  class LifecycleActionEnvelope(BaseModel):
/Users/jameschen/Workspace/Nexus-new-worktrees/issue842-acceptance-fixture/nexus/contracts/lifecycle_action.py:406: UserWarning: Field name "schema" in "ExternalCandidateAdoptionRequest" shadows an attribute in parent "BaseModel"
  class ExternalCandidateAdoptionRequest(BaseModel):
/Users/jameschen/Workspace/Nexus-new-worktrees/issue842-acceptance-fixture/nexus/contracts/operator_outcome_receipt.py:86: UserWarning: Field name "schema" in "OperatorOutcomeReceipt" shadows an attribute in parent "BaseModel"
  class OperatorOutcomeReceipt(BaseModel):
/Users/jameschen/Workspace/Nexus-new-worktrees/issue842-acceptance-fixture/nexus/orchestrator/autonomy_policy.py:115: UserWarning: Field name "schema" in "StandingGrantRequest" shadows an attribute in parent "_FrozenModel"
  class StandingGrantRequest(_FrozenModel):
/Users/jameschen/Workspace/Nexus-new-worktrees/issue842-acceptance-fixture/nexus/orchestrator/autonomy_policy.py:137: UserWarning: Field name "schema" in "StandingGrantDecision" shadows an attribute in parent "_FrozenModel"
  class StandingGrantDecision(_FrozenModel):
/Users/jameschen/Workspace/Nexus-new-worktrees/issue842-acceptance-fixture/nexus/orchestrator/autonomy_policy.py:396: UserWarning: Field name "schema" in "AutonomySubmissionBindingSpec" shadows an attribute in parent "_FrozenModel"
  class AutonomySubmissionBindingSpec(_FrozenModel):
/Users/jameschen/Workspace/Nexus-new-worktrees/issue842-acceptance-fixture/nexus/orchestrator/autonomy_policy.py:457: UserWarning: Field name "schema" in "AutonomyEvaluationInput" shadows an attribute in parent "_FrozenModel"
  class AutonomyEvaluationInput(_FrozenModel):
/Users/jameschen/Workspace/Nexus-new-worktrees/issue842-acceptance-fixture/nexus/orchestrator/autonomy_policy.py:507: UserWarning: Field name "schema" in "AutonomyDecision" shadows an attribute in parent "_FrozenModel"
  class AutonomyDecision(_FrozenModel):
/Users/jameschen/Workspace/Nexus-new-worktrees/issue842-acceptance-fixture/nexus/orchestrator/standing_grant_store.py:67: UserWarning: Field name "schema" in "StandingGrantReceipt" shadows an attribute in parent "_FrozenModel"
  class StandingGrantReceipt(_FrozenModel):
