{"phase": "evaluate", "pid": 66749, "source": "c1fd9e7090baa425a8db7a1b658ed3e54dd3b2ca", "case": "foreign_issue", "service_module": "/Users/jameschen/Workspace/Nexus-new-worktrees/issue842-acceptance-fixture/nexus/orchestrator/self_hosted_task_service.py", "read_only": true, "before_hashes": {"state/.state.lock": "e3b0c44298fc1c149afbf4c8996fb92427ae41e4649b934ca495991b7852b855", "state/pe2-fixture-task.json": "69f34b16b63d99ea97bfc39c9edb8ba9b93789ff05e8f62130efe0e3fd315be0", "authority/standing-grants/8d5697cecb8ebb2c55ae742f8eadb1556d4cf1c93ff2bb0740bc39ae57e6e567/8d5697cecb8ebb2c55ae742f8eadb1556d4cf1c93ff2bb0740bc39ae57e6e567.json": "8d6d96235f24ad672f8f9e4b357eb5ee9668482d1f4495f71c6a25353004fc28", "authority/standing-grants/8d5697cecb8ebb2c55ae742f8eadb1556d4cf1c93ff2bb0740bc39ae57e6e567/.standing-grant.lock": "e3b0c44298fc1c149afbf4c8996fb92427ae41e4649b934ca495991b7852b855", "state/.nexus/events/event_log.lock": "e3b0c44298fc1c149afbf4c8996fb92427ae41e4649b934ca495991b7852b855", "state/.nexus/events/event_log.jsonl": "d70b5394263b823815f3446d824b1fc3fa14010db735410e9623ab19d8d77c12"}, "after_hashes": {"state/.state.lock": "e3b0c44298fc1c149afbf4c8996fb92427ae41e4649b934ca495991b7852b855", "state/pe2-fixture-task.json": "69f34b16b63d99ea97bfc39c9edb8ba9b93789ff05e8f62130efe0e3fd315be0", "authority/standing-grants/8d5697cecb8ebb2c55ae742f8eadb1556d4cf1c93ff2bb0740bc39ae57e6e567/8d5697cecb8ebb2c55ae742f8eadb1556d4cf1c93ff2bb0740bc39ae57e6e567.json": "8d6d96235f24ad672f8f9e4b357eb5ee9668482d1f4495f71c6a25353004fc28", "authority/standing-grants/8d5697cecb8ebb2c55ae742f8eadb1556d4cf1c93ff2bb0740bc39ae57e6e567/.standing-grant.lock": "e3b0c44298fc1c149afbf4c8996fb92427ae41e4649b934ca495991b7852b855", "state/.nexus/events/event_log.lock": "e3b0c44298fc1c149afbf4c8996fb92427ae41e4649b934ca495991b7852b855", "state/.nexus/events/event_log.jsonl": "d70b5394263b823815f3446d824b1fc3fa14010db735410e9623ab19d8d77c12"}, "result": {"schema": "nexus.project_entry.v1", "status": "BLOCKED", "repository": "James3014/Nexus-new", "issue_number": 842, "task_resolution": {"status": "INVALID_CONTINUATION", "task_id": "pe2-fixture-task"}, "blocker": {"code": "PROJECT_ENTRY_CONTINUATION_INVALID", "detail": "diagnostic_class=PROJECT_ENTRY_CONTINUATION_INVALID; diagnostic_sha256=edd63c88b9fdd4dce9ca87a6aac4dfd73feaa1667392294c60fb7e4c43b66ded"}, "claim_ceiling": "PROJECT_ENTRY_OBSERVE_ONLY_NO_DOWNSTREAM_EFFECTS", "claim_ceiling_excludes": ["execution", "verification", "acceptance", "merge", "release", "production"], "project_binding_hash": "61b93109a134c2726b3d256ed1ede4efcec92088e7e3ffd761149b85f9ad8ea7"}, "service_ephemeral": false, "claim_ceiling": "ISOLATED_PERSISTED_COMPOSITION_NO_NATIVE_TASK_RESUME"}
/Users/jameschen/Workspace/Nexus-new-worktrees/issue842-acceptance-fixture/nexus/contracts/autonomy_goal.py:113: UserWarning: Field name "schema" in "StandingGrantContext" shadows an attribute in parent "_FrozenModel"
  class StandingGrantContext(_FrozenModel):
/Users/jameschen/Workspace/Nexus-new-worktrees/issue842-acceptance-fixture/nexus/contracts/autonomy_goal.py:267: UserWarning: Field name "schema" in "AutonomyGoalGrantSpec" shadows an attribute in parent "_FrozenModel"
  class AutonomyGoalGrantSpec(_FrozenModel):
/Users/jameschen/Workspace/Nexus-new-worktrees/issue842-acceptance-fixture/nexus/contracts/collaboration_realm.py:101: UserWarning: Field name "schema" in "CollaborationExecutionRealmSpec" shadows an attribute in parent "_FrozenModel"
  class CollaborationExecutionRealmSpec(_FrozenModel):
/Users/jameschen/Workspace/Nexus-new-worktrees/issue842-acceptance-fixture/nexus/contracts/lifecycle_action.py:319: UserWarning: Field name "schema" in "LifecycleActionEnvelope" shadows an attribute in parent "BaseModel"
  class LifecycleActionEnvelope(BaseModel):
/Users/jameschen/Workspace/Nexus-new-worktrees/issue842-acceptance-fixture/nexus/contracts/lifecycle_action.py:406: UserWarning: Field name "schema" in "ExternalCandidateAdoptionRequest" shadows an attribute in parent "BaseModel"
  class ExternalCandidateAdoptionRequest(BaseModel):
/Users/jameschen/Workspace/Nexus-new-worktrees/issue842-acceptance-fixture/nexus/contracts/operator_outcome_receipt.py:86: UserWarning: Field name "schema" in "OperatorOutcomeReceipt" shadows an attribute in parent "BaseModel"
  class OperatorOutcomeReceipt(BaseModel):
/Users/jameschen/Workspace/Nexus-new-worktrees/issue842-acceptance-fixture/nexus/orchestrator/autonomy_policy.py:115: UserWarning: Field name "schema" in "StandingGrantRequest" shadows an attribute in parent "_FrozenModel"
  class StandingGrantRequest(_FrozenModel):
/Users/jameschen/Workspace/Nexus-new-worktrees/issue842-acceptance-fixture/nexus/orchestrator/autonomy_policy.py:137: UserWarning: Field name "schema" in "StandingGrantDecision" shadows an attribute in parent "_FrozenModel"
  class StandingGrantDecision(_FrozenModel):
/Users/jameschen/Workspace/Nexus-new-worktrees/issue842-acceptance-fixture/nexus/orchestrator/autonomy_policy.py:396: UserWarning: Field name "schema" in "AutonomySubmissionBindingSpec" shadows an attribute in parent "_FrozenModel"
  class AutonomySubmissionBindingSpec(_FrozenModel):
/Users/jameschen/Workspace/Nexus-new-worktrees/issue842-acceptance-fixture/nexus/orchestrator/autonomy_policy.py:457: UserWarning: Field name "schema" in "AutonomyEvaluationInput" shadows an attribute in parent "_FrozenModel"
  class AutonomyEvaluationInput(_FrozenModel):
/Users/jameschen/Workspace/Nexus-new-worktrees/issue842-acceptance-fixture/nexus/orchestrator/autonomy_policy.py:507: UserWarning: Field name "schema" in "AutonomyDecision" shadows an attribute in parent "_FrozenModel"
  class AutonomyDecision(_FrozenModel):
/Users/jameschen/Workspace/Nexus-new-worktrees/issue842-acceptance-fixture/nexus/orchestrator/standing_grant_store.py:67: UserWarning: Field name "schema" in "StandingGrantReceipt" shadows an attribute in parent "_FrozenModel"
  class StandingGrantReceipt(_FrozenModel):
